Archive member included to satisfy reference by file (symbol)

c:/intelfpga_lite/22.1std/nios2eds/bin/gnu/h-x86_64-mingw32/bin/../lib/gcc/nios2-elf/12.1.1/mno-hw-mul\libgcc.a(lib2-divmod.o)
                              obj/default/hello_world.o (__divsi3)
c:/intelfpga_lite/22.1std/nios2eds/bin/gnu/h-x86_64-mingw32/bin/../lib/gcc/nios2-elf/12.1.1/mno-hw-mul\libgcc.a(lib2-mul.o)
                              obj/default/hello_world.o (__mulsi3)
c:/intelfpga_lite/22.1std/nios2eds/bin/gnu/h-x86_64-mingw32/bin/../lib/gcc/nios2-elf/12.1.1/mno-hw-mul\libgcc.a(mulsf3.o)
                              obj/default/hello_world.o (__mulsf3)
c:/intelfpga_lite/22.1std/nios2eds/bin/gnu/h-x86_64-mingw32/bin/../lib/gcc/nios2-elf/12.1.1/mno-hw-mul\libgcc.a(fixsfsi.o)
                              obj/default/hello_world.o (__fixsfsi)
c:/intelfpga_lite/22.1std/nios2eds/bin/gnu/h-x86_64-mingw32/bin/../lib/gcc/nios2-elf/12.1.1/mno-hw-mul\libgcc.a(_clzsi2.o)
                              c:/intelfpga_lite/22.1std/nios2eds/bin/gnu/h-x86_64-mingw32/bin/../lib/gcc/nios2-elf/12.1.1/mno-hw-mul\libgcc.a(mulsf3.o) (__clzsi2)
c:/intelfpga_lite/22.1std/nios2eds/bin/gnu/h-x86_64-mingw32/bin/../lib/gcc/nios2-elf/12.1.1/mno-hw-mul\libgcc.a(_clz.o)
                              c:/intelfpga_lite/22.1std/nios2eds/bin/gnu/h-x86_64-mingw32/bin/../lib/gcc/nios2-elf/12.1.1/mno-hw-mul\libgcc.a(_clzsi2.o) (__clz_tab)
c:/intelfpga_lite/22.1std/nios2eds/bin/gnu/h-x86_64-mingw32/bin/../lib/gcc/nios2-elf/12.1.1/../../../../../H-x86_64-mingw32/nios2-elf/lib/mno-hw-mul\libc.a(lib_a-malloc.o)
                              obj/default/hello_world.o (malloc)
c:/intelfpga_lite/22.1std/nios2eds/bin/gnu/h-x86_64-mingw32/bin/../lib/gcc/nios2-elf/12.1.1/../../../../../H-x86_64-mingw32/nios2-elf/lib/mno-hw-mul\libc.a(lib_a-mallocr.o)
                              c:/intelfpga_lite/22.1std/nios2eds/bin/gnu/h-x86_64-mingw32/bin/../lib/gcc/nios2-elf/12.1.1/../../../../../H-x86_64-mingw32/nios2-elf/lib/mno-hw-mul\libc.a(lib_a-malloc.o) (_malloc_r)
c:/intelfpga_lite/22.1std/nios2eds/bin/gnu/h-x86_64-mingw32/bin/../lib/gcc/nios2-elf/12.1.1/../../../../../H-x86_64-mingw32/nios2-elf/lib/mno-hw-mul\libc.a(lib_a-memcpy.o)
                              obj/default/hello_world.o (memcpy)
c:/intelfpga_lite/22.1std/nios2eds/bin/gnu/h-x86_64-mingw32/bin/../lib/gcc/nios2-elf/12.1.1/../../../../../H-x86_64-mingw32/nios2-elf/lib/mno-hw-mul\libc.a(lib_a-sbrkr.o)
                              c:/intelfpga_lite/22.1std/nios2eds/bin/gnu/h-x86_64-mingw32/bin/../lib/gcc/nios2-elf/12.1.1/../../../../../H-x86_64-mingw32/nios2-elf/lib/mno-hw-mul\libc.a(lib_a-mallocr.o) (_sbrk_r)
c:/intelfpga_lite/22.1std/nios2eds/bin/gnu/h-x86_64-mingw32/bin/../lib/gcc/nios2-elf/12.1.1/../../../../../H-x86_64-mingw32/nios2-elf/lib/mno-hw-mul\libc.a(lib_a-freer.o)
                              c:/intelfpga_lite/22.1std/nios2eds/bin/gnu/h-x86_64-mingw32/bin/../lib/gcc/nios2-elf/12.1.1/../../../../../H-x86_64-mingw32/nios2-elf/lib/mno-hw-mul\libc.a(lib_a-malloc.o) (_free_r)
c:/intelfpga_lite/22.1std/nios2eds/bin/gnu/h-x86_64-mingw32/bin/../lib/gcc/nios2-elf/12.1.1/../../../../../H-x86_64-mingw32/nios2-elf/lib/mno-hw-mul\libc.a(lib_a-impure.o)
                              c:/intelfpga_lite/22.1std/nios2eds/bin/gnu/h-x86_64-mingw32/bin/../lib/gcc/nios2-elf/12.1.1/../../../../../H-x86_64-mingw32/nios2-elf/lib/mno-hw-mul\libc.a(lib_a-malloc.o) (_impure_ptr)
c:/intelfpga_lite/22.1std/nios2eds/bin/gnu/h-x86_64-mingw32/bin/../lib/gcc/nios2-elf/12.1.1/../../../../../H-x86_64-mingw32/nios2-elf/lib/mno-hw-mul\libc.a(lib_a-int_errno.o)
                              c:/intelfpga_lite/22.1std/nios2eds/bin/gnu/h-x86_64-mingw32/bin/../lib/gcc/nios2-elf/12.1.1/../../../../../H-x86_64-mingw32/nios2-elf/lib/mno-hw-mul\libc.a(lib_a-sbrkr.o) (errno)
c:/Users/shrey/Documents/Information_Processing/root/Acc/software/hello_world_new_bsp/\libhal_bsp.a(alt_irq_register.o)
                              obj/default/hello_world.o (alt_irq_register)
c:/Users/shrey/Documents/Information_Processing/root/Acc/software/hello_world_new_bsp/\libhal_bsp.a(alt_irq_vars.o)
                              c:/Users/shrey/Documents/Information_Processing/root/Acc/software/hello_world_new_bsp/\libhal_bsp.a(alt_irq_register.o) (alt_irq_active)
c:/Users/shrey/Documents/Information_Processing/root/Acc/software/hello_world_new_bsp/\libhal_bsp.a(alt_load.o)
                              c:/Users/shrey/Documents/Information_Processing/root/Acc/software/hello_world_new_bsp//obj/HAL/src/crt0.o (alt_load)
c:/Users/shrey/Documents/Information_Processing/root/Acc/software/hello_world_new_bsp/\libhal_bsp.a(alt_main.o)
                              c:/Users/shrey/Documents/Information_Processing/root/Acc/software/hello_world_new_bsp//obj/HAL/src/crt0.o (alt_main)
c:/Users/shrey/Documents/Information_Processing/root/Acc/software/hello_world_new_bsp/\libhal_bsp.a(alt_malloc_lock.o)
[...]
Memory Configuration

Name             Origin             Length             Attributes
reset            0x0000000000010000 0x0000000000000020
onchip_memory    0x0000000000010020 0x000000000000ffe0
*default*        0x0000000000000000 0xffffffffffffffff

Linker script and memory map

LOAD c:/Users/shrey/Documents/Information_Processing/root/Acc/software/hello_world_new_bsp//obj/HAL/src/crt0.o
LOAD obj/default/hello_world.o
LOAD c:/intelfpga_lite/22.1std/nios2eds/bin/gnu/h-x86_64-mingw32/bin/../lib/gcc/nios2-elf/12.1.1/../../../../../H-x86_64-mingw32/nios2-elf/lib/mno-hw-mul\libstdc++.a
LOAD c:/intelfpga_lite/22.1std/nios2eds/bin/gnu/h-x86_64-mingw32/bin/../lib/gcc/nios2-elf/12.1.1/../../../../../H-x86_64-mingw32/nios2-elf/lib/mno-hw-mul\libm.a
LOAD c:/intelfpga_lite/22.1std/nios2eds/bin/gnu/h-x86_64-mingw32/bin/../lib/gcc/nios2-elf/12.1.1/mno-hw-mul\libgcc.a
START GROUP
LOAD c:/intelfpga_lite/22.1std/nios2eds/bin/gnu/h-x86_64-mingw32/bin/../lib/gcc/nios2-elf/12.1.1/../../../../../H-x86_64-mingw32/nios2-elf/lib/mno-hw-mul\libc.a
LOAD c:/intelfpga_lite/22.1std/nios2eds/bin/gnu/h-x86_64-mingw32/bin/../lib/gcc/nios2-elf/12.1.1/mno-hw-mul\libgcc.a
LOAD c:/Users/shrey/Documents/Information_Processing/root/Acc/software/hello_world_new_bsp/\libhal_bsp.a
LOAD c:/intelfpga_lite/22.1std/nios2eds/bin/gnu/h-x86_64-mingw32/bin/../lib/gcc/nios2-elf/12.1.1/../../../../../H-x86_64-mingw32/nios2-elf/lib/mno-hw-mul\libm.a
END GROUP
LOAD c:/intelfpga_lite/22.1std/nios2eds/bin/gnu/h-x86_64-mingw32/bin/../lib/gcc/nios2-elf/12.1.1/mno-hw-mul\libgcc.a
                0x0000000000010000                __alt_mem_onchip_memory = 0x10000

.entry          0x0000000000010000       0x20
 *(.entry)
 .entry         0x0000000000010000       0x20 c:/Users/shrey/Documents/Information_Processing/root/Acc/software/hello_world_new_bsp//obj/HAL/src/crt0.o
                0x0000000000010000                __reset

.exceptions     0x0000000000010020      0x208
                0x0000000000010020                PROVIDE (__ram_exceptions_start = ABSOLUTE (.))
                0x0000000000010020                . = ALIGN (0x20)
 *(.irq)
 *(.exceptions.entry.label)
 .exceptions.entry.label
                0x0000000000010020        0x0 c:/Users/shrey/Documents/Information_Processing/root/Acc/software/hello_world_new_bsp/\libhal_bsp.a(alt_irq_entry.o)
                0x0000000000010020                alt_irq_entry
 .exceptions.entry.label
                0x0000000000010020        0x0 c:/Users/shrey/Documents/Information_Processing/root/Acc/software/hello_world_new_bsp/\libhal_bsp.a(alt_exception_entry.o)
                0x0000000000010020                alt_exception
 *(.exceptions.entry.user)
 *(.exceptions.entry.ecc_fatal)
 *(.exceptions.entry)
 .exceptions.entry
                0x0000000000010020       0x54 c:/Users/shrey/Documents/Information_Processing/root/Acc/software/hello_world_new_bsp/\libhal_bsp.a(alt_exception_entry.o)
 *(.exceptions.irqtest.user)
 *(.exceptions.irqtest)
 .exceptions.irqtest
                0x0000000000010074       0x10 c:/Users/shrey/Documents/Information_Processing/root/Acc/software/hello_world_new_bsp/\libhal_bsp.a(alt_irq_entry.o)
 *(.exceptions.irqhandler.user)
 *(.exceptions.irqhandler)
 .exceptions.irqhandler
                0x0000000000010084        0x4 c:/Users/shrey/Documents/Information_Processing/root/Acc/software/hello_world_new_bsp/\libhal_bsp.a(alt_irq_entry.o)
 *(.exceptions.irqreturn.user)
 *(.exceptions.irqreturn)
 .exceptions.irqreturn
                0x0000000000010088        0x4 c:/Users/shrey/Documents/Information_Processing/root/Acc/software/hello_world_new_bsp/\libhal_bsp.a(alt_irq_entry.o)
 *(.exceptions.notirq.label)
 .exceptions.notirq.label
                0x000000000001008c        0x0 c:/Users/shrey/Documents/Information_Processing/root/Acc/software/hello_world_new_bsp/\libhal_bsp.a(alt_irq_entry.o)
 *(.exceptions.notirq.user)
 *(.exceptions.notirq)
 .exceptions.notirq
                0x000000000001008c        0x8 c:/Users/shrey/Documents/Information_Processing/root/Acc/software/hello_world_new_bsp/\libhal_bsp.a(alt_exception_entry.o)
 *(.exceptions.soft.user)
 *(.exceptions.soft)
 *(.exceptions.unknown.user)
 *(.exceptions.unknown)
 .exceptions.unknown
                0x0000000000010094       0x14 c:/Users/shrey/Documents/Information_Processing/root/Acc/software/hello_world_new_bsp/\libhal_bsp.a(alt_exception_entry.o)
 *(.exceptions.exit.label)
 .exceptions.exit.label
                0x00000000000100a8        0x0 c:/Users/shrey/Documents/Information_Processing/root/Acc/software/hello_world_new_bsp/\libhal_bsp.a(alt_irq_entry.o)
 .exceptions.exit.label
                0x00000000000100a8        0x0 c:/Users/shrey/Documents/Information_Processing/root/Acc/software/hello_world_new_bsp/\libhal_bsp.a(alt_exception_entry.o)
 *(.exceptions.exit.user)
 *(.exceptions.exit)
 .exceptions.exit
                0x00000000000100a8       0x54 c:/Users/shrey/Documents/Information_Processing/root/Acc/software/hello_world_new_bsp/\libhal_bsp.a(alt_exception_entry.o)
 *(.exceptions)
 .exceptions    0x00000000000100fc       0xcc c:/Users/shrey/Documents/Information_Processing/root/Acc/software/hello_world_new_bsp/\libhal_bsp.a(alt_irq_handler.o)
                0x00000000000100fc                alt_irq_handler
 .exceptions    0x00000000000101c8       0x60 c:/Users/shrey/Documents/Information_Processing/root/Acc/software/hello_world_new_bsp/\libhal_bsp.a(alt_instruction_exception_entry.o)
                0x00000000000101c8                alt_instruction_exception_entry
                0x0000000000010228                PROVIDE (__ram_exceptions_end = ABSOLUTE (.))
                0x0000000000010020                PROVIDE (__flash_exceptions_start = LOADADDR (.exceptions))

.text           0x0000000000010228     0x5e0c
                [!provide]                        PROVIDE (stext = ABSOLUTE (.))
 *(.interp)
 *(.hash)
 *(.dynsym)
 *(.dynstr)
 *(.gnu.version)
 *(.gnu.version_d)
 *(.gnu.version_r)
 *(.rel.init)
 *(.rela.init)
 *(.rel.text .rel.text.* .rel.gnu.linkonce.t.*)
 *(.rela.text .rela.text.* .rela.gnu.linkonce.t.*)
 *(.rel.fini)
 *(.rela.fini)
 *(.rel.rodata .rel.rodata.* .rel.gnu.linkonce.r.*)
 *(.rela.rodata .rela.rodata.* .rela.gnu.linkonce.r.*)
 *(.rel.data .rel.data.* .rel.gnu.linkonce.d.*)
 *(.rela.data .rela.data.* .rela.gnu.linkonce.d.*)
 *(.rel.tdata .rel.tdata.* .rel.gnu.linkonce.td.*)
 *(.rela.tdata .rela.tdata.* .rela.gnu.linkonce.td.*)
 *(.rel.tbss .rel.tbss.* .rel.gnu.linkonce.tb.*)
 *(.rela.tbss .rela.tbss.* .rela.gnu.linkonce.tb.*)
 *(.rel.ctors)
 *(.rela.ctors)
 *(.rel.dtors)
 *(.rela.dtors)
 *(.rel.got)
 *(.rela.got)
 *(.rel.sdata .rel.sdata.* .rel.gnu.linkonce.s.*)
 *(.rela.sdata .rela.sdata.* .rela.gnu.linkonce.s.*)
 *(.rel.sbss .rel.sbss.* .rel.gnu.linkonce.sb.*)
 *(.rela.sbss .rela.sbss.* .rela.gnu.linkonce.sb.*)
 *(.rel.sdata2 .rel.sdata2.* .rel.gnu.linkonce.s2.*)
 *(.rela.sdata2 .rela.sdata2.* .rela.gnu.linkonce.s2.*)
 *(.rel.sbss2 .rel.sbss2.* .rel.gnu.linkonce.sb2.*)
 *(.rela.sbss2 .rela.sbss2.* .rela.gnu.linkonce.sb2.*)
 *(.rel.bss .rel.bss.* .rel.gnu.linkonce.b.*)
 *(.rela.bss .rela.bss.* .rela.gnu.linkonce.b.*)
 *(.rel.plt)
 *(.rela.plt)
 *(.rel.dyn)
 *(.init)
 *(.plt)
 *(.text .stub .text.* .gnu.linkonce.t.*)
 .text          0x0000000000010228       0x3c c:/Users/shrey/Documents/Information_Processing/root/Acc/software/hello_world_new_bsp//obj/HAL/src/crt0.o
                0x0000000000010228                _start
 .text          0x0000000000010264      0x8f0 obj/default/hello_world.o
                0x0000000000010264                led_write
                0x0000000000010298                convert_read
                0x000000000001035c                sys_timer_isr
                0x0000000000010464                timer_init
                0x00000000000104e0                average
                0x0000000000010588                fixed
                0x000000000001062c                BCD
                0x0000000000010974                main
 .text          0x0000000000010b54      0x1b4 c:/intelfpga_lite/22.1std/nios2eds/bin/gnu/h-x86_64-mingw32/bin/../lib/gcc/nios2-elf/12.1.1/mno-hw-mul\libgcc.a(lib2-divmod.o)
                0x0000000000010b54                __divsi3
                0x0000000000010bd4                __modsi3
                0x0000000000010c48                __udivsi3
                0x0000000000010cac                __umodsi3
 .text          0x0000000000010d08       0x28 c:/intelfpga_lite/22.1std/nios2eds/bin/gnu/h-x86_64-mingw32/bin/../lib/gcc/nios2-elf/12.1.1/mno-hw-mul\libgcc.a(lib2-mul.o)
                0x0000000000010d08                __mulsi3
 .text          0x0000000000010d30      0x41c c:/intelfpga_lite/22.1std/nios2eds/bin/gnu/h-x86_64-mingw32/bin/../lib/gcc/nios2-elf/12.1.1/mno-hw-mul\libgcc.a(mulsf3.o)
                0x0000000000010d30                __mulsf3
 .text          0x000000000001114c       0x70 c:/intelfpga_lite/22.1std/nios2eds/bin/gnu/h-x86_64-mingw32/bin/../lib/gcc/nios2-elf/12.1.1/mno-hw-mul\libgcc.a(fixsfsi.o)
                0x000000000001114c                __fixsfsi
 .text          0x00000000000111bc       0x50 c:/intelfpga_lite/22.1std/nios2eds/bin/gnu/h-x86_64-mingw32/bin/../lib/gcc/nios2-elf/12.1.1/mno-hw-mul\libgcc.a(_clzsi2.o)
                0x00000000000111bc                __clzsi2
 .text          0x000000000001120c        0x0 c:/intelfpga_lite/22.1std/nios2eds/bin/gnu/h-x86_64-mingw32/bin/../lib/gcc/nios2-elf/12.1.1/mno-hw-mul\libgcc.a(_clz.o)
 .text          0x000000000001120c        0x0 c:/intelfpga_lite/22.1std/nios2eds/bin/gnu/h-x86_64-mingw32/bin/../lib/gcc/nios2-elf/12.1.1/../../../../../H-x86_64-mingw32/nios2-elf/lib/mno-hw-mul\libc.a(lib_a-malloc.o)
 .text.malloc   0x000000000001120c       0x10 c:/intelfpga_lite/22.1std/nios2eds/bin/gnu/h-x86_64-mingw32/bin/../lib/gcc/nios2-elf/12.1.1/../../../../../H-x86_64-mingw32/nios2-elf/lib/mno-hw-mul\libc.a(lib_a-malloc.o)
                0x000000000001120c                malloc
 .text.free     0x000000000001121c       0x10 c:/intelfpga_lite/22.1std/nios2eds/bin/gnu/h-x86_64-mingw32/bin/../lib/gcc/nios2-elf/12.1.1/../../../../../H-x86_64-mingw32/nios2-elf/lib/mno-hw-mul\libc.a(lib_a-malloc.o)
                0x000000000001121c                free
 .text          0x000000000001122c        0x0 c:/intelfpga_lite/22.1std/nios2eds/bin/gnu/h-x86_64-mingw32/bin/../lib/gcc/nios2-elf/12.1.1/../../../../../H-x86_64-mingw32/nios2-elf/lib/mno-hw-mul\libc.a(lib_a-mallocr.o)
 .text._malloc_r
                0x000000000001122c      0x7b4 c:/intelfpga_lite/22.1std/nios2eds/bin/gnu/h-x86_64-mingw32/bin/../lib/gcc/nios2-elf/12.1.1/../../../../../H-x86_64-mingw32/nios2-elf/lib/mno-hw-mul\libc.a(lib_a-mallocr.o)
                0x000000000001122c                _malloc_r
 .text          0x00000000000119e0        0x0 c:/intelfpga_lite/22.1std/nios2eds/bin/gnu/h-x86_64-mingw32/bin/../lib/gcc/nios2-elf/12.1.1/../../../../../H-x86_64-mingw32/nios2-elf/lib/mno-hw-mul\libc.a(lib_a-memcpy.o)
 .text.memcpy   0x00000000000119e0      0x100 c:/intelfpga_lite/22.1std/nios2eds/bin/gnu/h-x86_64-mingw32/bin/../lib/gcc/nios2-elf/12.1.1/../../../../../H-x86_64-mingw32/nios2-elf/lib/mno-hw-mul\libc.a(lib_a-memcpy.o)
                0x00000000000119e0                memcpy
 .text          0x0000000000011ae0        0x0 c:/intelfpga_lite/22.1std/nios2eds/bin/gnu/h-x86_64-mingw32/bin/../lib/gcc/nios2-elf/12.1.1/../../../../../H-x86_64-mingw32/nios2-elf/lib/mno-hw-mul\libc.a(lib_a-sbrkr.o)
 .text._sbrk_r  0x0000000000011ae0       0x58 c:/intelfpga_lite/22.1std/nios2eds/bin/gnu/h-x86_64-mingw32/bin/../lib/gcc/nios2-elf/12.1.1/../../../../../H-x86_64-mingw32/nios2-elf/lib/mno-hw-mul\libc.a(lib_a-sbrkr.o)
                0x0000000000011ae0                _sbrk_r
 .text          0x0000000000011b38        0x0 c:/intelfpga_lite/22.1std/nios2eds/bin/gnu/h-x86_64-mingw32/bin/../lib/gcc/nios2-elf/12.1.1/../../../../../H-x86_64-mingw32/nios2-elf/lib/mno-hw-mul\libc.a(lib_a-freer.o)
 .text._malloc_trim_r
                0x0000000000011b38      0x124 c:/intelfpga_lite/22.1std/nios2eds/bin/gnu/h-x86_64-mingw32/bin/../lib/gcc/nios2-elf/12.1.1/../../../../../H-x86_64-mingw32/nios2-elf/lib/mno-hw-mul\libc.a(lib_a-freer.o)
                0x0000000000011b38                _malloc_trim_r
 .text._free_r  0x0000000000011c5c      0x308 c:/intelfpga_lite/22.1std/nios2eds/bin/gnu/h-x86_64-mingw32/bin/../lib/gcc/nios2-elf/12.1.1/../../../../../H-x86_64-mingw32/nios2-elf/lib/mno-hw-mul\libc.a(lib_a-freer.o)
                0x0000000000011c5c                _free_r
 .text          0x0000000000011f64        0x0 c:/intelfpga_lite/22.1std/nios2eds/bin/gnu/h-x86_64-mingw32/bin/../lib/gcc/nios2-elf/12.1.1/../../../../../H-x86_64-mingw32/nios2-elf/lib/mno-hw-mul\libc.a(lib_a-impure.o)
 .text          0x0000000000011f64        0x0 c:/intelfpga_lite/22.1std/nios2eds/bin/gnu/h-x86_64-mingw32/bin/../lib/gcc/nios2-elf/12.1.1/../../../../../H-x86_64-mingw32/nios2-elf/lib/mno-hw-mul\libc.a(lib_a-int_errno.o)
 .text          0x0000000000011f64      0x180 c:/Users/shrey/Documents/Information_Processing/root/Acc/software/hello_world_new_bsp/\libhal_bsp.a(alt_irq_register.o)
                0x0000000000011f64                alt_irq_register
 .text          0x00000000000120e4        0x0 c:/Users/shrey/Documents/Information_Processing/root/Acc/software/hello_world_new_bsp/\libhal_bsp.a(alt_irq_vars.o)
 .text          0x00000000000120e4       0xec c:/Users/shrey/Documents/Information_Processing/root/Acc/software/hello_world_new_bsp/\libhal_bsp.a(alt_load.o)
                0x000000000001214c                alt_load
 .text          0x00000000000121d0       0x7c c:/Users/shrey/Documents/Information_Processing/root/Acc/software/hello_world_new_bsp/\libhal_bsp.a(alt_main.o)
                0x00000000000121d0                alt_main
 .text          0x000000000001224c       0x48 c:/Users/shrey/Documents/Information_Processing/root/Acc/software/hello_world_new_bsp/\libhal_bsp.a(alt_malloc_lock.o)
                0x000000000001224c                __malloc_lock
                0x0000000000012270                __malloc_unlock
 .text          0x0000000000012294      0x22c c:/Users/shrey/Documents/Information_Processing/root/Acc/software/hello_world_new_bsp/\libhal_bsp.a(alt_printf.o)
                0x0000000000012294                alt_printf
 .text          0x00000000000124c0       0x30 c:/Users/shrey/Documents/Information_Processing/root/Acc/software/hello_world_new_bsp/\libhal_bsp.a(alt_putchar.o)
                0x00000000000124c0                alt_putchar
 .text          0x00000000000124f0       0xb8 c:/Users/shrey/Documents/Information_Processing/root/Acc/software/hello_world_new_bsp/\libhal_bsp.a(alt_sbrk.o)
                0x00000000000124f0                sbrk
 .text          0x00000000000125a8       0xe0 c:/Users/shrey/Documents/Information_Processing/root/Acc/software/hello_world_new_bsp/\libhal_bsp.a(alt_sys_init.o)
                0x00000000000125dc                alt_irq_init
                0x0000000000012618                alt_sys_init
 .text          0x0000000000012688      0x164 c:/Users/shrey/Documents/Information_Processing/root/Acc/software/hello_world_new_bsp/\libhal_bsp.a(altera_avalon_jtag_uart_fd.o)
                0x0000000000012688                altera_avalon_jtag_uart_read_fd
                0x00000000000126e8                altera_avalon_jtag_uart_write_fd
                0x0000000000012748                altera_avalon_jtag_uart_close_fd
                0x0000000000012798                altera_avalon_jtag_uart_ioctl_fd
 .text          0x00000000000127ec      0x3dc c:/Users/shrey/Documents/Information_Processing/root/Acc/software/hello_world_new_bsp/\libhal_bsp.a(altera_avalon_jtag_uart_init.o)
                0x00000000000127ec                altera_avalon_jtag_uart_init
                0x0000000000012b60                altera_avalon_jtag_uart_close
 .text          0x0000000000012bc8       0xf4 c:/Users/shrey/Documents/Information_Processing/root/Acc/software/hello_world_new_bsp/\libhal_bsp.a(altera_avalon_jtag_uart_ioctl.o)
                0x0000000000012bc8                altera_avalon_jtag_uart_ioctl
 .text          0x0000000000012cbc      0x220 c:/Users/shrey/Documents/Information_Processing/root/Acc/software/hello_world_new_bsp/\libhal_bsp.a(altera_avalon_jtag_uart_read.o)
                0x0000000000012cbc                altera_avalon_jtag_uart_read
 .text          0x0000000000012edc      0x228 c:/Users/shrey/Documents/Information_Processing/root/Acc/software/hello_world_new_bsp/\libhal_bsp.a(altera_avalon_jtag_uart_write.o)
                0x0000000000012edc                altera_avalon_jtag_uart_write
 .text          0x0000000000013104       0xfc c:/Users/shrey/Documents/Information_Processing/root/Acc/software/hello_world_new_bsp/\libhal_bsp.a(altera_avalon_timer_sc.o)
                0x0000000000013184                alt_avalon_timer_sc_init
 .text          0x0000000000013200      0x3cc c:/Users/shrey/Documents/Information_Processing/root/Acc/software/hello_world_new_bsp/\libhal_bsp.a(altera_up_avalon_accelerometer_spi.o)
                0x0000000000013200                alt_up_accelerometer_spi_open_dev
                0x000000000001323c                alt_up_accelerometer_spi_read_address_register
                0x0000000000013280                alt_up_accelerometer_spi_read
                0x00000000000132e8                alt_up_accelerometer_spi_write
                0x0000000000013350                alt_up_accelerometer_spi_read_x_axis
                0x0000000000013424                alt_up_accelerometer_spi_read_y_axis
                0x00000000000134f8                alt_up_accelerometer_spi_read_z_axis
 .text          0x00000000000135cc      0x160 c:/Users/shrey/Documents/Information_Processing/root/Acc/software/hello_world_new_bsp/\libhal_bsp.a(alt_alarm_start.o)
                0x00000000000135cc                alt_alarm_start
 .text          0x000000000001372c      0x118 c:/Users/shrey/Documents/Information_Processing/root/Acc/software/hello_world_new_bsp/\libhal_bsp.a(alt_close.o)
                0x0000000000013768                close
 .text          0x0000000000013844       0x20 c:/Users/shrey/Documents/Information_Processing/root/Acc/software/hello_world_new_bsp/\libhal_bsp.a(alt_dcache_flush_all.o)
                0x0000000000013844                alt_dcache_flush_all
 .text          0x0000000000013864       0x2c c:/Users/shrey/Documents/Information_Processing/root/Acc/software/hello_world_new_bsp/\libhal_bsp.a(alt_dev.o)
 .text          0x0000000000013890       0xe4 c:/Users/shrey/Documents/Information_Processing/root/Acc/software/hello_world_new_bsp/\libhal_bsp.a(alt_dev_llist_insert.o)
                0x00000000000138cc                alt_dev_llist_insert
 .text          0x0000000000013974       0x64 c:/Users/shrey/Documents/Information_Processing/root/Acc/software/hello_world_new_bsp/\libhal_bsp.a(alt_do_ctors.o)
                0x0000000000013974                _do_ctors
 .text          0x00000000000139d8       0x64 c:/Users/shrey/Documents/Information_Processing/root/Acc/software/hello_world_new_bsp/\libhal_bsp.a(alt_do_dtors.o)
                0x00000000000139d8                _do_dtors
 .text          0x0000000000013a3c        0x0 c:/Users/shrey/Documents/Information_Processing/root/Acc/software/hello_world_new_bsp/\libhal_bsp.a(alt_errno.o)
 .text          0x0000000000013a3c       0x90 c:/Users/shrey/Documents/Information_Processing/root/Acc/software/hello_world_new_bsp/\libhal_bsp.a(alt_find_dev.o)
                0x0000000000013a3c                alt_find_dev
 .text          0x0000000000013acc       0x20 c:/Users/shrey/Documents/Information_Processing/root/Acc/software/hello_world_new_bsp/\libhal_bsp.a(alt_icache_flush_all.o)
                0x0000000000013acc                alt_icache_flush_all
 .text          0x0000000000013aec      0x150 c:/Users/shrey/Documents/Information_Processing/root/Acc/software/hello_world_new_bsp/\libhal_bsp.a(alt_io_redirect.o)
                0x0000000000013bc0                alt_io_redirect
 .text          0x0000000000013c3c        0x0 c:/Users/shrey/Documents/Information_Processing/root/Acc/software/hello_world_new_bsp/\libhal_bsp.a(alt_irq_entry.o)
 .text          0x0000000000013c3c        0x0 c:/Users/shrey/Documents/Information_Processing/root/Acc/software/hello_world_new_bsp/\libhal_bsp.a(alt_irq_handler.o)
 .text          0x0000000000013c3c      0x278 c:/Users/shrey/Documents/Information_Processing/root/Acc/software/hello_world_new_bsp/\libhal_bsp.a(alt_open.o)
                0x0000000000013d54                open
 .text          0x0000000000013eb4       0x70 c:/Users/shrey/Documents/Information_Processing/root/Acc/software/hello_world_new_bsp/\libhal_bsp.a(alt_release_fd.o)
                0x0000000000013eb4                alt_release_fd
 .text          0x0000000000013f24      0x1d0 c:/Users/shrey/Documents/Information_Processing/root/Acc/software/hello_world_new_bsp/\libhal_bsp.a(alt_tick.o)
                0x0000000000013f24                alt_alarm_stop
                0x0000000000013fc8                alt_tick
 .text          0x00000000000140f4       0x24 c:/Users/shrey/Documents/Information_Processing/root/Acc/software/hello_world_new_bsp/\libhal_bsp.a(altera_nios2_gen2_irq.o)
                0x00000000000140f4                altera_nios2_gen2_irq_init
 .text          0x0000000000014118        0x0 c:/Users/shrey/Documents/Information_Processing/root/Acc/software/hello_world_new_bsp/\libhal_bsp.a(alt_exception_entry.o)
 .text          0x0000000000014118      0x108 c:/Users/shrey/Documents/Information_Processing/root/Acc/software/hello_world_new_bsp/\libhal_bsp.a(alt_find_file.o)
                0x0000000000014118                alt_find_file
 .text          0x0000000000014220       0xb8 c:/Users/shrey/Documents/Information_Processing/root/Acc/software/hello_world_new_bsp/\libhal_bsp.a(alt_get_fd.o)
                0x0000000000014220                alt_get_fd
 .text          0x00000000000142d8       0x74 c:/Users/shrey/Documents/Information_Processing/root/Acc/software/hello_world_new_bsp/\libhal_bsp.a(alt_instruction_exception_entry.o)
                0x00000000000142d8                alt_exception_cause_generated_bad_addr
 .text          0x000000000001434c        0x0 c:/intelfpga_lite/22.1std/nios2eds/bin/gnu/h-x86_64-mingw32/bin/../lib/gcc/nios2-elf/12.1.1/../../../../../H-x86_64-mingw32/nios2-elf/lib/mno-hw-mul\libc.a(lib_a-atexit.o)
 .text.atexit   0x000000000001434c       0x14 c:/intelfpga_lite/22.1std/nios2eds/bin/gnu/h-x86_64-mingw32/bin/../lib/gcc/nios2-elf/12.1.1/../../../../../H-x86_64-mingw32/nios2-elf/lib/mno-hw-mul\libc.a(lib_a-atexit.o)
                0x000000000001434c                atexit
 .text          0x0000000000014360        0x0 c:/intelfpga_lite/22.1std/nios2eds/bin/gnu/h-x86_64-mingw32/bin/../lib/gcc/nios2-elf/12.1.1/../../../../../H-x86_64-mingw32/nios2-elf/lib/mno-hw-mul\libc.a(lib_a-exit.o)
 .text.exit     0x0000000000014360       0x34 c:/intelfpga_lite/22.1std/nios2eds/bin/gnu/h-x86_64-mingw32/bin/../lib/gcc/nios2-elf/12.1.1/../../../../../H-x86_64-mingw32/nios2-elf/lib/mno-hw-mul\libc.a(lib_a-exit.o)
                0x0000000000014360                exit
 .text          0x0000000000014394        0x0 c:/intelfpga_lite/22.1std/nios2eds/bin/gnu/h-x86_64-mingw32/bin/../lib/gcc/nios2-elf/12.1.1/../../../../../H-x86_64-mingw32/nios2-elf/lib/mno-hw-mul\libc.a(lib_a-memcmp.o)
 .text.memcmp   0x0000000000014394       0x78 c:/intelfpga_lite/22.1std/nios2eds/bin/gnu/h-x86_64-mingw32/bin/../lib/gcc/nios2-elf/12.1.1/../../../../../H-x86_64-mingw32/nios2-elf/lib/mno-hw-mul\libc.a(lib_a-memcmp.o)
                0x0000000000014394                memcmp
 .text          0x000000000001440c        0x0 c:/intelfpga_lite/22.1std/nios2eds/bin/gnu/h-x86_64-mingw32/bin/../lib/gcc/nios2-elf/12.1.1/../../../../../H-x86_64-mingw32/nios2-elf/lib/mno-hw-mul\libc.a(lib_a-putchar.o)
 .text._putchar_r
                0x000000000001440c        0x8 c:/intelfpga_lite/22.1std/nios2eds/bin/gnu/h-x86_64-mingw32/bin/../lib/gcc/nios2-elf/12.1.1/../../../../../H-x86_64-mingw32/nios2-elf/lib/mno-hw-mul\libc.a(lib_a-putchar.o)
                0x000000000001440c                _putchar_r
 .text.putchar  0x0000000000014414       0x18 c:/intelfpga_lite/22.1std/nios2eds/bin/gnu/h-x86_64-mingw32/bin/../lib/gcc/nios2-elf/12.1.1/../../../../../H-x86_64-mingw32/nios2-elf/lib/mno-hw-mul\libc.a(lib_a-putchar.o)
                0x0000000000014414                putchar
 .text          0x000000000001442c        0x0 c:/intelfpga_lite/22.1std/nios2eds/bin/gnu/h-x86_64-mingw32/bin/../lib/gcc/nios2-elf/12.1.1/../../../../../H-x86_64-mingw32/nios2-elf/lib/mno-hw-mul\libc.a(lib_a-strlen.o)
 .text.strlen   0x000000000001442c       0x98 c:/intelfpga_lite/22.1std/nios2eds/bin/gnu/h-x86_64-mingw32/bin/../lib/gcc/nios2-elf/12.1.1/../../../../../H-x86_64-mingw32/nios2-elf/lib/mno-hw-mul\libc.a(lib_a-strlen.o)
                0x000000000001442c                strlen
 .text          0x00000000000144c4        0x0 c:/intelfpga_lite/22.1std/nios2eds/bin/gnu/h-x86_64-mingw32/bin/../lib/gcc/nios2-elf/12.1.1/../../../../../H-x86_64-mingw32/nios2-elf/lib/mno-hw-mul\libc.a(lib_a-__atexit.o)
 .text.__register_exitproc
                0x00000000000144c4       0x90 c:/intelfpga_lite/22.1std/nios2eds/bin/gnu/h-x86_64-mingw32/bin/../lib/gcc/nios2-elf/12.1.1/../../../../../H-x86_64-mingw32/nios2-elf/lib/mno-hw-mul\libc.a(lib_a-__atexit.o)
                0x00000000000144c4                __register_exitproc
 .text          0x0000000000014554        0x0 c:/intelfpga_lite/22.1std/nios2eds/bin/gnu/h-x86_64-mingw32/bin/../lib/gcc/nios2-elf/12.1.1/../../../../../H-x86_64-mingw32/nios2-elf/lib/mno-hw-mul\libc.a(lib_a-__call_atexit.o)
 .text.__call_exitprocs
                0x0000000000014554      0x120 c:/intelfpga_lite/22.1std/nios2eds/bin/gnu/h-x86_64-mingw32/bin/../lib/gcc/nios2-elf/12.1.1/../../../../../H-x86_64-mingw32/nios2-elf/lib/mno-hw-mul\libc.a(lib_a-__call_atexit.o)
                0x0000000000014554                __call_exitprocs
 .text          0x0000000000014674        0x0 c:/intelfpga_lite/22.1std/nios2eds/bin/gnu/h-x86_64-mingw32/bin/../lib/gcc/nios2-elf/12.1.1/../../../../../H-x86_64-mingw32/nios2-elf/lib/mno-hw-mul\libc.a(lib_a-putc.o)
 .text._putc_r  0x0000000000014674       0xcc c:/intelfpga_lite/22.1std/nios2eds/bin/gnu/h-x86_64-mingw32/bin/../lib/gcc/nios2-elf/12.1.1/../../../../../H-x86_64-mingw32/nios2-elf/lib/mno-hw-mul\libc.a(lib_a-putc.o)
                0x0000000000014674                _putc_r
 .text.putc     0x0000000000014740       0xe0 c:/intelfpga_lite/22.1std/nios2eds/bin/gnu/h-x86_64-mingw32/bin/../lib/gcc/nios2-elf/12.1.1/../../../../../H-x86_64-mingw32/nios2-elf/lib/mno-hw-mul\libc.a(lib_a-putc.o)
                0x0000000000014740                putc
 .text          0x0000000000014820        0x0 c:/intelfpga_lite/22.1std/nios2eds/bin/gnu/h-x86_64-mingw32/bin/../lib/gcc/nios2-elf/12.1.1/../../../../../H-x86_64-mingw32/nios2-elf/lib/mno-hw-mul\libc.a(lib_a-wbuf.o)
 .text.__swbuf_r
                0x0000000000014820      0x148 c:/intelfpga_lite/22.1std/nios2eds/bin/gnu/h-x86_64-mingw32/bin/../lib/gcc/nios2-elf/12.1.1/../../../../../H-x86_64-mingw32/nios2-elf/lib/mno-hw-mul\libc.a(lib_a-wbuf.o)
                0x0000000000014820                __swbuf_r
 .text.__swbuf  0x0000000000014968       0x18 c:/intelfpga_lite/22.1std/nios2eds/bin/gnu/h-x86_64-mingw32/bin/../lib/gcc/nios2-elf/12.1.1/../../../../../H-x86_64-mingw32/nios2-elf/lib/mno-hw-mul\libc.a(lib_a-wbuf.o)
                0x0000000000014968                __swbuf
 .text          0x0000000000014980        0x0 c:/intelfpga_lite/22.1std/nios2eds/bin/gnu/h-x86_64-mingw32/bin/../lib/gcc/nios2-elf/12.1.1/../../../../../H-x86_64-mingw32/nios2-elf/lib/mno-hw-mul\libc.a(lib_a-wsetup.o)
 .text.__swsetup_r
                0x0000000000014980      0x14c c:/intelfpga_lite/22.1std/nios2eds/bin/gnu/h-x86_64-mingw32/bin/../lib/gcc/nios2-elf/12.1.1/../../../../../H-x86_64-mingw32/nios2-elf/lib/mno-hw-mul\libc.a(lib_a-wsetup.o)
                0x0000000000014980                __swsetup_r
 .text          0x0000000000014acc        0x0 c:/intelfpga_lite/22.1std/nios2eds/bin/gnu/h-x86_64-mingw32/bin/../lib/gcc/nios2-elf/12.1.1/../../../../../H-x86_64-mingw32/nios2-elf/lib/mno-hw-mul\libc.a(lib_a-fflush.o)
 .text.__sflush_r
                0x0000000000014acc      0x208 c:/intelfpga_lite/22.1std/nios2eds/bin/gnu/h-x86_64-mingw32/bin/../lib/gcc/nios2-elf/12.1.1/../../../../../H-x86_64-mingw32/nios2-elf/lib/mno-hw-mul\libc.a(lib_a-fflush.o)
                0x0000000000014acc                __sflush_r
 .text._fflush_r
                0x0000000000014cd4       0x60 c:/intelfpga_lite/22.1std/nios2eds/bin/gnu/h-x86_64-mingw32/bin/../lib/gcc/nios2-elf/12.1.1/../../../../../H-x86_64-mingw32/nios2-elf/lib/mno-hw-mul\libc.a(lib_a-fflush.o)
                0x0000000000014cd4                _fflush_r
 .text.fflush   0x0000000000014d34       0x84 c:/intelfpga_lite/22.1std/nios2eds/bin/gnu/h-x86_64-mingw32/bin/../lib/gcc/nios2-elf/12.1.1/../../../../../H-x86_64-mingw32/nios2-elf/lib/mno-hw-mul\libc.a(lib_a-fflush.o)
                0x0000000000014d34                fflush
 .text          0x0000000000014db8        0x0 c:/intelfpga_lite/22.1std/nios2eds/bin/gnu/h-x86_64-mingw32/bin/../lib/gcc/nios2-elf/12.1.1/../../../../../H-x86_64-mingw32/nios2-elf/lib/mno-hw-mul\libc.a(lib_a-findfp.o)
 .text.__fp_lock
                0x0000000000014db8        0x8 c:/intelfpga_lite/22.1std/nios2eds/bin/gnu/h-x86_64-mingw32/bin/../lib/gcc/nios2-elf/12.1.1/../../../../../H-x86_64-mingw32/nios2-elf/lib/mno-hw-mul\libc.a(lib_a-findfp.o)
 .text._cleanup_r
                0x0000000000014dc0        0xc c:/intelfpga_lite/22.1std/nios2eds/bin/gnu/h-x86_64-mingw32/bin/../lib/gcc/nios2-elf/12.1.1/../../../../../H-x86_64-mingw32/nios2-elf/lib/mno-hw-mul\libc.a(lib_a-findfp.o)
                0x0000000000014dc0                _cleanup_r
 .text.__fp_unlock
                0x0000000000014dcc        0x8 c:/intelfpga_lite/22.1std/nios2eds/bin/gnu/h-x86_64-mingw32/bin/../lib/gcc/nios2-elf/12.1.1/../../../../../H-x86_64-mingw32/nios2-elf/lib/mno-hw-mul\libc.a(lib_a-findfp.o)
 .text.__sinit.part.0
                0x0000000000014dd4      0x168 c:/intelfpga_lite/22.1std/nios2eds/bin/gnu/h-x86_64-mingw32/bin/../lib/gcc/nios2-elf/12.1.1/../../../../../H-x86_64-mingw32/nios2-elf/lib/mno-hw-mul\libc.a(lib_a-findfp.o)
 .text.__sfmoreglue
                0x0000000000014f3c       0x78 c:/intelfpga_lite/22.1std/nios2eds/bin/gnu/h-x86_64-mingw32/bin/../lib/gcc/nios2-elf/12.1.1/../../../../../H-x86_64-mingw32/nios2-elf/lib/mno-hw-mul\libc.a(lib_a-findfp.o)
                0x0000000000014f3c                __sfmoreglue
 .text.__sfp    0x0000000000014fb4      0x134 c:/intelfpga_lite/22.1std/nios2eds/bin/gnu/h-x86_64-mingw32/bin/../lib/gcc/nios2-elf/12.1.1/../../../../../H-x86_64-mingw32/nios2-elf/lib/mno-hw-mul\libc.a(lib_a-findfp.o)
                0x0000000000014fb4                __sfp
 .text._cleanup
                0x00000000000150e8       0x14 c:/intelfpga_lite/22.1std/nios2eds/bin/gnu/h-x86_64-mingw32/bin/../lib/gcc/nios2-elf/12.1.1/../../../../../H-x86_64-mingw32/nios2-elf/lib/mno-hw-mul\libc.a(lib_a-findfp.o)
                0x00000000000150e8                _cleanup
 .text.__sinit  0x00000000000150fc       0x10 c:/intelfpga_lite/22.1std/nios2eds/bin/gnu/h-x86_64-mingw32/bin/../lib/gcc/nios2-elf/12.1.1/../../../../../H-x86_64-mingw32/nios2-elf/lib/mno-hw-mul\libc.a(lib_a-findfp.o)
                0x00000000000150fc                __sinit
 .text.__sfp_lock_acquire
                0x000000000001510c        0x4 c:/intelfpga_lite/22.1std/nios2eds/bin/gnu/h-x86_64-mingw32/bin/../lib/gcc/nios2-elf/12.1.1/../../../../../H-x86_64-mingw32/nios2-elf/lib/mno-hw-mul\libc.a(lib_a-findfp.o)
                0x000000000001510c                __sfp_lock_acquire
 .text.__sfp_lock_release
                0x0000000000015110        0x4 c:/intelfpga_lite/22.1std/nios2eds/bin/gnu/h-x86_64-mingw32/bin/../lib/gcc/nios2-elf/12.1.1/../../../../../H-x86_64-mingw32/nios2-elf/lib/mno-hw-mul\libc.a(lib_a-findfp.o)
                0x0000000000015110                __sfp_lock_release
 .text.__sinit_lock_acquire
                0x0000000000015114        0x4 c:/intelfpga_lite/22.1std/nios2eds/bin/gnu/h-x86_64-mingw32/bin/../lib/gcc/nios2-elf/12.1.1/../../../../../H-x86_64-mingw32/nios2-elf/lib/mno-hw-mul\libc.a(lib_a-findfp.o)
                0x0000000000015114                __sinit_lock_acquire
 .text.__sinit_lock_release
                0x0000000000015118        0x4 c:/intelfpga_lite/22.1std/nios2eds/bin/gnu/h-x86_64-mingw32/bin/../lib/gcc/nios2-elf/12.1.1/../../../../../H-x86_64-mingw32/nios2-elf/lib/mno-hw-mul\libc.a(lib_a-findfp.o)
                0x0000000000015118                __sinit_lock_release
 .text.__fp_lock_all
                0x000000000001511c       0x14 c:/intelfpga_lite/22.1std/nios2eds/bin/gnu/h-x86_64-mingw32/bin/../lib/gcc/nios2-elf/12.1.1/../../../../../H-x86_64-mingw32/nios2-elf/lib/mno-hw-mul\libc.a(lib_a-findfp.o)
                0x000000000001511c                __fp_lock_all
 .text.__fp_unlock_all
                0x0000000000015130       0x14 c:/intelfpga_lite/22.1std/nios2eds/bin/gnu/h-x86_64-mingw32/bin/../lib/gcc/nios2-elf/12.1.1/../../../../../H-x86_64-mingw32/nios2-elf/lib/mno-hw-mul\libc.a(lib_a-findfp.o)
                0x0000000000015130                __fp_unlock_all
 .text          0x0000000000015144        0x0 c:/intelfpga_lite/22.1std/nios2eds/bin/gnu/h-x86_64-mingw32/bin/../lib/gcc/nios2-elf/12.1.1/../../../../../H-x86_64-mingw32/nios2-elf/lib/mno-hw-mul\libc.a(lib_a-fwalk.o)
 .text._fwalk   0x0000000000015144       0x98 c:/intelfpga_lite/22.1std/nios2eds/bin/gnu/h-x86_64-mingw32/bin/../lib/gcc/nios2-elf/12.1.1/../../../../../H-x86_64-mingw32/nios2-elf/lib/mno-hw-mul\libc.a(lib_a-fwalk.o)
                0x0000000000015144                _fwalk
 .text._fwalk_reent
                0x00000000000151dc       0xa8 c:/intelfpga_lite/22.1std/nios2eds/bin/gnu/h-x86_64-mingw32/bin/../lib/gcc/nios2-elf/12.1.1/../../../../../H-x86_64-mingw32/nios2-elf/lib/mno-hw-mul\libc.a(lib_a-fwalk.o)
                0x00000000000151dc                _fwalk_reent
 .text          0x0000000000015284        0x0 c:/intelfpga_lite/22.1std/nios2eds/bin/gnu/h-x86_64-mingw32/bin/../lib/gcc/nios2-elf/12.1.1/../../../../../H-x86_64-mingw32/nios2-elf/lib/mno-hw-mul\libc.a(lib_a-makebuf.o)
 .text.__smakebuf_r
                0x0000000000015284      0x1a0 c:/intelfpga_lite/22.1std/nios2eds/bin/gnu/h-x86_64-mingw32/bin/../lib/gcc/nios2-elf/12.1.1/../../../../../H-x86_64-mingw32/nios2-elf/lib/mno-hw-mul\libc.a(lib_a-makebuf.o)
                0x0000000000015284                __smakebuf_r
 .text.__swhatbuf_r
                0x0000000000015424       0x8c c:/intelfpga_lite/22.1std/nios2eds/bin/gnu/h-x86_64-mingw32/bin/../lib/gcc/nios2-elf/12.1.1/../../../../../H-x86_64-mingw32/nios2-elf/lib/mno-hw-mul\libc.a(lib_a-makebuf.o)
                0x0000000000015424                __swhatbuf_r
 .text          0x00000000000154b0        0x0 c:/intelfpga_lite/22.1std/nios2eds/bin/gnu/h-x86_64-mingw32/bin/../lib/gcc/nios2-elf/12.1.1/../../../../../H-x86_64-mingw32/nios2-elf/lib/mno-hw-mul\libc.a(lib_a-memset.o)
 .text.memset   0x00000000000154b0      0x140 c:/intelfpga_lite/22.1std/nios2eds/bin/gnu/h-x86_64-mingw32/bin/../lib/gcc/nios2-elf/12.1.1/../../../../../H-x86_64-mingw32/nios2-elf/lib/mno-hw-mul\libc.a(lib_a-memset.o)
                0x00000000000154b0                memset
 .text          0x00000000000155f0        0x0 c:/intelfpga_lite/22.1std/nios2eds/bin/gnu/h-x86_64-mingw32/bin/../lib/gcc/nios2-elf/12.1.1/../../../../../H-x86_64-mingw32/nios2-elf/lib/mno-hw-mul\libc.a(lib_a-stdio.o)
 .text.__sread  0x00000000000155f0       0x54 c:/intelfpga_lite/22.1std/nios2eds/bin/gnu/h-x86_64-mingw32/bin/../lib/gcc/nios2-elf/12.1.1/../../../../../H-x86_64-mingw32/nios2-elf/lib/mno-hw-mul\libc.a(lib_a-stdio.o)
                0x00000000000155f0                __sread
 .text.__seofread
                0x0000000000015644        0x8 c:/intelfpga_lite/22.1std/nios2eds/bin/gnu/h-x86_64-mingw32/bin/../lib/gcc/nios2-elf/12.1.1/../../../../../H-x86_64-mingw32/nios2-elf/lib/mno-hw-mul\libc.a(lib_a-stdio.o)
                0x0000000000015644                __seofread
 .text.__swrite
                0x000000000001564c       0x80 c:/intelfpga_lite/22.1std/nios2eds/bin/gnu/h-x86_64-mingw32/bin/../lib/gcc/nios2-elf/12.1.1/../../../../../H-x86_64-mingw32/nios2-elf/lib/mno-hw-mul\libc.a(lib_a-stdio.o)
                0x000000000001564c                __swrite
 .text.__sseek  0x00000000000156cc       0x5c c:/intelfpga_lite/22.1std/nios2eds/bin/gnu/h-x86_64-mingw32/bin/../lib/gcc/nios2-elf/12.1.1/../../../../../H-x86_64-mingw32/nios2-elf/lib/mno-hw-mul\libc.a(lib_a-stdio.o)
                0x00000000000156cc                __sseek
 .text.__sclose
                0x0000000000015728        0x8 c:/intelfpga_lite/22.1std/nios2eds/bin/gnu/h-x86_64-mingw32/bin/../lib/gcc/nios2-elf/12.1.1/../../../../../H-x86_64-mingw32/nios2-elf/lib/mno-hw-mul\libc.a(lib_a-stdio.o)
                0x0000000000015728                __sclose
 .text          0x0000000000015730        0x0 c:/intelfpga_lite/22.1std/nios2eds/bin/gnu/h-x86_64-mingw32/bin/../lib/gcc/nios2-elf/12.1.1/../../../../../H-x86_64-mingw32/nios2-elf/lib/mno-hw-mul\libc.a(lib_a-writer.o)
 .text._write_r
                0x0000000000015730       0x64 c:/intelfpga_lite/22.1std/nios2eds/bin/gnu/h-x86_64-mingw32/bin/../lib/gcc/nios2-elf/12.1.1/../../../../../H-x86_64-mingw32/nios2-elf/lib/mno-hw-mul\libc.a(lib_a-writer.o)
                0x0000000000015730                _write_r
 .text          0x0000000000015794        0x0 c:/intelfpga_lite/22.1std/nios2eds/bin/gnu/h-x86_64-mingw32/bin/../lib/gcc/nios2-elf/12.1.1/../../../../../H-x86_64-mingw32/nios2-elf/lib/mno-hw-mul\libc.a(closer.o)
 .text._close_r
                0x0000000000015794       0x58 c:/intelfpga_lite/22.1std/nios2eds/bin/gnu/h-x86_64-mingw32/bin/../lib/gcc/nios2-elf/12.1.1/../../../../../H-x86_64-mingw32/nios2-elf/lib/mno-hw-mul\libc.a(closer.o)
                0x0000000000015794                _close_r
 .text          0x00000000000157ec        0x0 c:/intelfpga_lite/22.1std/nios2eds/bin/gnu/h-x86_64-mingw32/bin/../lib/gcc/nios2-elf/12.1.1/../../../../../H-x86_64-mingw32/nios2-elf/lib/mno-hw-mul\libc.a(lib_a-fclose.o)
 .text._fclose_r
                0x00000000000157ec       0xf8 c:/intelfpga_lite/22.1std/nios2eds/bin/gnu/h-x86_64-mingw32/bin/../lib/gcc/nios2-elf/12.1.1/../../../../../H-x86_64-mingw32/nios2-elf/lib/mno-hw-mul\libc.a(lib_a-fclose.o)
                0x00000000000157ec                _fclose_r
 .text.fclose   0x00000000000158e4       0x10 c:/intelfpga_lite/22.1std/nios2eds/bin/gnu/h-x86_64-mingw32/bin/../lib/gcc/nios2-elf/12.1.1/../../../../../H-x86_64-mingw32/nios2-elf/lib/mno-hw-mul\libc.a(lib_a-fclose.o)
                0x00000000000158e4                fclose
 .text          0x00000000000158f4        0x0 c:/intelfpga_lite/22.1std/nios2eds/bin/gnu/h-x86_64-mingw32/bin/../lib/gcc/nios2-elf/12.1.1/../../../../../H-x86_64-mingw32/nios2-elf/lib/mno-hw-mul\libc.a(lib_a-fstatr.o)
 .text._fstat_r
                0x00000000000158f4       0x60 c:/intelfpga_lite/22.1std/nios2eds/bin/gnu/h-x86_64-mingw32/bin/../lib/gcc/nios2-elf/12.1.1/../../../../../H-x86_64-mingw32/nios2-elf/lib/mno-hw-mul\libc.a(lib_a-fstatr.o)
                0x00000000000158f4                _fstat_r
 .text          0x0000000000015954        0x0 c:/intelfpga_lite/22.1std/nios2eds/bin/gnu/h-x86_64-mingw32/bin/../lib/gcc/nios2-elf/12.1.1/../../../../../H-x86_64-mingw32/nios2-elf/lib/mno-hw-mul\libc.a(lib_a-isattyr.o)
 .text._isatty_r
                0x0000000000015954       0x58 c:/intelfpga_lite/22.1std/nios2eds/bin/gnu/h-x86_64-mingw32/bin/../lib/gcc/nios2-elf/12.1.1/../../../../../H-x86_64-mingw32/nios2-elf/lib/mno-hw-mul\libc.a(lib_a-isattyr.o)
                0x0000000000015954                _isatty_r
 .text          0x00000000000159ac        0x0 c:/intelfpga_lite/22.1std/nios2eds/bin/gnu/h-x86_64-mingw32/bin/../lib/gcc/nios2-elf/12.1.1/../../../../../H-x86_64-mingw32/nios2-elf/lib/mno-hw-mul\libc.a(lib_a-lseekr.o)
 .text._lseek_r
                0x00000000000159ac       0x64 c:/intelfpga_lite/22.1std/nios2eds/bin/gnu/h-x86_64-mingw32/bin/../lib/gcc/nios2-elf/12.1.1/../../../../../H-x86_64-mingw32/nios2-elf/lib/mno-hw-mul\libc.a(lib_a-lseekr.o)
                0x00000000000159ac                _lseek_r
 .text          0x0000000000015a10        0x0 c:/intelfpga_lite/22.1std/nios2eds/bin/gnu/h-x86_64-mingw32/bin/../lib/gcc/nios2-elf/12.1.1/../../../../../H-x86_64-mingw32/nios2-elf/lib/mno-hw-mul\libc.a(lib_a-readr.o)
 .text._read_r  0x0000000000015a10       0x64 c:/intelfpga_lite/22.1std/nios2eds/bin/gnu/h-x86_64-mingw32/bin/../lib/gcc/nios2-elf/12.1.1/../../../../../H-x86_64-mingw32/nios2-elf/lib/mno-hw-mul\libc.a(lib_a-readr.o)
                0x0000000000015a10                _read_r
 .text          0x0000000000015a74       0x3c c:/Users/shrey/Documents/Information_Processing/root/Acc/software/hello_world_new_bsp/\libhal_bsp.a(alt_exit.o)
                0x0000000000015a74                _exit
 .text          0x0000000000015ab0       0xf8 c:/Users/shrey/Documents/Information_Processing/root/Acc/software/hello_world_new_bsp/\libhal_bsp.a(alt_fstat.o)
                0x0000000000015aec                fstat
 .text          0x0000000000015ba8       0xec c:/Users/shrey/Documents/Information_Processing/root/Acc/software/hello_world_new_bsp/\libhal_bsp.a(alt_isatty.o)
                0x0000000000015be4                isatty
 .text          0x0000000000015c94      0x11c c:/Users/shrey/Documents/Information_Processing/root/Acc/software/hello_world_new_bsp/\libhal_bsp.a(alt_lseek.o)
                0x0000000000015cd0                lseek
 .text          0x0000000000015db0      0x144 c:/Users/shrey/Documents/Information_Processing/root/Acc/software/hello_world_new_bsp/\libhal_bsp.a(alt_read.o)
                0x0000000000015dec                read
 .text          0x0000000000015ef4      0x140 c:/Users/shrey/Documents/Information_Processing/root/Acc/software/hello_world_new_bsp/\libhal_bsp.a(alt_write.o)
                0x0000000000015f30                write
 *(.gnu.warning.*)
 *(.fini)
                [!provide]                        PROVIDE (__etext = ABSOLUTE (.))
                [!provide]                        PROVIDE (_etext = ABSOLUTE (.))
                [!provide]                        PROVIDE (etext = ABSOLUTE (.))
 *(.eh_frame_hdr)
                0x0000000000016034                . = ALIGN (0x4)
                [!provide]                        PROVIDE (__preinit_array_start = ABSOLUTE (.))
 *(.preinit_array)
                [!provide]                        PROVIDE (__preinit_array_end = ABSOLUTE (.))
                [!provide]                        PROVIDE (__init_array_start = ABSOLUTE (.))
 *(.init_array)
                [!provide]                        PROVIDE (__init_array_end = ABSOLUTE (.))
                [!provide]                        PROVIDE (__fini_array_start = ABSOLUTE (.))
 *(.fini_array)
                [!provide]                        PROVIDE (__fini_array_end = ABSOLUTE (.))
 *(.eh_frame)
 *(.gcc_except_table .gcc_except_table.*)
 *(.dynamic)
                0x0000000000016034                PROVIDE (__CTOR_LIST__ = ABSOLUTE (.))
 *(.ctors)
 *(SORT_BY_NAME(.ctors.*))
                0x0000000000016034                PROVIDE (__CTOR_END__ = ABSOLUTE (.))
                0x0000000000016034                PROVIDE (__DTOR_LIST__ = ABSOLUTE (.))
 *(.dtors)
 *(SORT_BY_NAME(.dtors.*))
                0x0000000000016034                PROVIDE (__DTOR_END__ = ABSOLUTE (.))
 *(.jcr)
                0x0000000000016034                . = ALIGN (0x4)

.rodata         0x0000000000016034      0x230
                0x0000000000016034                PROVIDE (__ram_rodata_start = ABSOLUTE (.))
                0x0000000000016034                . = ALIGN (0x4)
 *(.rodata .rodata.* .gnu.linkonce.r.*)
 .rodata        0x0000000000016034       0xec obj/default/hello_world.o
 .rodata        0x0000000000016120      0x100 c:/intelfpga_lite/22.1std/nios2eds/bin/gnu/h-x86_64-mingw32/bin/../lib/gcc/nios2-elf/12.1.1/mno-hw-mul\libgcc.a(_clz.o)
                0x0000000000016120                __clz_tab
 .rodata        0x0000000000016220        0xf c:/Users/shrey/Documents/Information_Processing/root/Acc/software/hello_world_new_bsp/\libhal_bsp.a(alt_main.o)
 *fill*         0x000000000001622f        0x1 
 .rodata        0x0000000000016230       0x27 c:/Users/shrey/Documents/Information_Processing/root/Acc/software/hello_world_new_bsp/\libhal_bsp.a(alt_sys_init.o)
 *fill*         0x0000000000016257        0x1 
 .rodata        0x0000000000016258        0xa c:/Users/shrey/Documents/Information_Processing/root/Acc/software/hello_world_new_bsp/\libhal_bsp.a(alt_dev.o)
 *(.rodata1)
                0x0000000000016264                . = ALIGN (0x4)
 *fill*         0x0000000000016262        0x2 
                0x0000000000016264                PROVIDE (__ram_rodata_end = ABSOLUTE (.))
                0x0000000000016034                PROVIDE (__flash_rodata_start = LOADADDR (.rodata))

.rwdata         0x0000000000016264     0x1a98 load address 0x0000000000017cfc
                0x0000000000016264                PROVIDE (__ram_rwdata_start = ABSOLUTE (.))
                0x0000000000016264                . = ALIGN (0x4)
 *(.got.plt)
 *(.got)
 *(.data1)
 *(.data .data.* .gnu.linkonce.d.*)
 .data          0x0000000000016264        0x0 c:/Users/shrey/Documents/Information_Processing/root/Acc/software/hello_world_new_bsp//obj/HAL/src/crt0.o
 .data          0x0000000000016264        0x0 obj/default/hello_world.o
 .data          0x0000000000016264        0x0 c:/intelfpga_lite/22.1std/nios2eds/bin/gnu/h-x86_64-mingw32/bin/../lib/gcc/nios2-elf/12.1.1/mno-hw-mul\libgcc.a(lib2-divmod.o)
 .data          0x0000000000016264        0x0 c:/intelfpga_lite/22.1std/nios2eds/bin/gnu/h-x86_64-mingw32/bin/../lib/gcc/nios2-elf/12.1.1/mno-hw-mul\libgcc.a(lib2-mul.o)
 .data          0x0000000000016264        0x0 c:/intelfpga_lite/22.1std/nios2eds/bin/gnu/h-x86_64-mingw32/bin/../lib/gcc/nios2-elf/12.1.1/mno-hw-mul\libgcc.a(mulsf3.o)
 .data          0x0000000000016264        0x0 c:/intelfpga_lite/22.1std/nios2eds/bin/gnu/h-x86_64-mingw32/bin/../lib/gcc/nios2-elf/12.1.1/mno-hw-mul\libgcc.a(fixsfsi.o)
 .data          0x0000000000016264        0x0 c:/intelfpga_lite/22.1std/nios2eds/bin/gnu/h-x86_64-mingw32/bin/../lib/gcc/nios2-elf/12.1.1/mno-hw-mul\libgcc.a(_clzsi2.o)
 .data          0x0000000000016264        0x0 c:/intelfpga_lite/22.1std/nios2eds/bin/gnu/h-x86_64-mingw32/bin/../lib/gcc/nios2-elf/12.1.1/mno-hw-mul\libgcc.a(_clz.o)
 .data          0x0000000000016264        0x0 c:/intelfpga_lite/22.1std/nios2eds/bin/gnu/h-x86_64-mingw32/bin/../lib/gcc/nios2-elf/12.1.1/../../../../../H-x86_64-mingw32/nios2-elf/lib/mno-hw-mul\libc.a(lib_a-malloc.o)
 .data          0x0000000000016264        0x0 c:/intelfpga_lite/22.1std/nios2eds/bin/gnu/h-x86_64-mingw32/bin/../lib/gcc/nios2-elf/12.1.1/../../../../../H-x86_64-mingw32/nios2-elf/lib/mno-hw-mul\libc.a(lib_a-mallocr.o)
 .data.__malloc_av_
                0x0000000000016264      0x408 c:/intelfpga_lite/22.1std/nios2eds/bin/gnu/h-x86_64-mingw32/bin/../lib/gcc/nios2-elf/12.1.1/../../../../../H-x86_64-mingw32/nios2-elf/lib/mno-hw-mul\libc.a(lib_a-mallocr.o)
                0x0000000000016264                __malloc_av_
 .data          0x000000000001666c        0x0 c:/intelfpga_lite/22.1std/nios2eds/bin/gnu/h-x86_64-mingw32/bin/../lib/gcc/nios2-elf/12.1.1/../../../../../H-x86_64-mingw32/nios2-elf/lib/mno-hw-mul\libc.a(lib_a-memcpy.o)
 .data          0x000000000001666c        0x0 c:/intelfpga_lite/22.1std/nios2eds/bin/gnu/h-x86_64-mingw32/bin/../lib/gcc/nios2-elf/12.1.1/../../../../../H-x86_64-mingw32/nios2-elf/lib/mno-hw-mul\libc.a(lib_a-sbrkr.o)
 .data          0x000000000001666c        0x0 c:/intelfpga_lite/22.1std/nios2eds/bin/gnu/h-x86_64-mingw32/bin/../lib/gcc/nios2-elf/12.1.1/../../../../../H-x86_64-mingw32/nios2-elf/lib/mno-hw-mul\libc.a(lib_a-freer.o)
 .data          0x000000000001666c        0x0 c:/intelfpga_lite/22.1std/nios2eds/bin/gnu/h-x86_64-mingw32/bin/../lib/gcc/nios2-elf/12.1.1/../../../../../H-x86_64-mingw32/nios2-elf/lib/mno-hw-mul\libc.a(lib_a-impure.o)
 .data.impure_data
                0x000000000001666c      0x424 c:/intelfpga_lite/22.1std/nios2eds/bin/gnu/h-x86_64-mingw32/bin/../lib/gcc/nios2-elf/12.1.1/../../../../../H-x86_64-mingw32/nios2-elf/lib/mno-hw-mul\libc.a(lib_a-impure.o)
 .data          0x0000000000016a90        0x0 c:/intelfpga_lite/22.1std/nios2eds/bin/gnu/h-x86_64-mingw32/bin/../lib/gcc/nios2-elf/12.1.1/../../../../../H-x86_64-mingw32/nios2-elf/lib/mno-hw-mul\libc.a(lib_a-int_errno.o)
 .data          0x0000000000016a90        0x0 c:/Users/shrey/Documents/Information_Processing/root/Acc/software/hello_world_new_bsp/\libhal_bsp.a(alt_irq_register.o)
 .data          0x0000000000016a90        0x0 c:/Users/shrey/Documents/Information_Processing/root/Acc/software/hello_world_new_bsp/\libhal_bsp.a(alt_irq_vars.o)
 .data          0x0000000000016a90        0x0 c:/Users/shrey/Documents/Information_Processing/root/Acc/software/hello_world_new_bsp/\libhal_bsp.a(alt_load.o)
 .data          0x0000000000016a90        0x0 c:/Users/shrey/Documents/Information_Processing/root/Acc/software/hello_world_new_bsp/\libhal_bsp.a(alt_main.o)
 .data          0x0000000000016a90        0x0 c:/Users/shrey/Documents/Information_Processing/root/Acc/software/hello_world_new_bsp/\libhal_bsp.a(alt_malloc_lock.o)
 .data          0x0000000000016a90        0x0 c:/Users/shrey/Documents/Information_Processing/root/Acc/software/hello_world_new_bsp/\libhal_bsp.a(alt_printf.o)
 .data          0x0000000000016a90        0x0 c:/Users/shrey/Documents/Information_Processing/root/Acc/software/hello_world_new_bsp/\libhal_bsp.a(alt_putchar.o)
 .data          0x0000000000016a90        0x0 c:/Users/shrey/Documents/Information_Processing/root/Acc/software/hello_world_new_bsp/\libhal_bsp.a(alt_sbrk.o)
 .data          0x0000000000016a90     0x108c c:/Users/shrey/Documents/Information_Processing/root/Acc/software/hello_world_new_bsp/\libhal_bsp.a(alt_sys_init.o)
 .data          0x0000000000017b1c        0x0 c:/Users/shrey/Documents/Information_Processing/root/Acc/software/hello_world_new_bsp/\libhal_bsp.a(altera_avalon_jtag_uart_fd.o)
 .data          0x0000000000017b1c        0x0 c:/Users/shrey/Documents/Information_Processing/root/Acc/software/hello_world_new_bsp/\libhal_bsp.a(altera_avalon_jtag_uart_init.o)
 .data          0x0000000000017b1c        0x0 c:/Users/shrey/Documents/Information_Processing/root/Acc/software/hello_world_new_bsp/\libhal_bsp.a(altera_avalon_jtag_uart_ioctl.o)
 .data          0x0000000000017b1c        0x0 c:/Users/shrey/Documents/Information_Processing/root/Acc/software/hello_world_new_bsp/\libhal_bsp.a(altera_avalon_jtag_uart_read.o)
 .data          0x0000000000017b1c        0x0 c:/Users/shrey/Documents/Information_Processing/root/Acc/software/hello_world_new_bsp/\libhal_bsp.a(altera_avalon_jtag_uart_write.o)
 .data          0x0000000000017b1c        0x0 c:/Users/shrey/Documents/Information_Processing/root/Acc/software/hello_world_new_bsp/\libhal_bsp.a(altera_avalon_timer_sc.o)
 .data          0x0000000000017b1c        0x0 c:/Users/shrey/Documents/Information_Processing/root/Acc/software/hello_world_new_bsp/\libhal_bsp.a(altera_up_avalon_accelerometer_spi.o)
 .data          0x0000000000017b1c        0x0 c:/Users/shrey/Documents/Information_Processing/root/Acc/software/hello_world_new_bsp/\libhal_bsp.a(alt_alarm_start.o)
 .data          0x0000000000017b1c        0x0 c:/Users/shrey/Documents/Information_Processing/root/Acc/software/hello_world_new_bsp/\libhal_bsp.a(alt_close.o)
 .data          0x0000000000017b1c        0x0 c:/Users/shrey/Documents/Information_Processing/root/Acc/software/hello_world_new_bsp/\libhal_bsp.a(alt_dcache_flush_all.o)
 .data          0x0000000000017b1c      0x1a8 c:/Users/shrey/Documents/Information_Processing/root/Acc/software/hello_world_new_bsp/\libhal_bsp.a(alt_dev.o)
                0x0000000000017b1c                alt_dev_null
                0x0000000000017b44                alt_fd_list
 .data          0x0000000000017cc4        0x0 c:/Users/shrey/Documents/Information_Processing/root/Acc/software/hello_world_new_bsp/\libhal_bsp.a(alt_dev_llist_insert.o)
 .data          0x0000000000017cc4        0x0 c:/Users/shrey/Documents/Information_Processing/root/Acc/software/hello_world_new_bsp/\libhal_bsp.a(alt_do_ctors.o)
 .data          0x0000000000017cc4        0x0 c:/Users/shrey/Documents/Information_Processing/root/Acc/software/hello_world_new_bsp/\libhal_bsp.a(alt_do_dtors.o)
 .data          0x0000000000017cc4        0x0 c:/Users/shrey/Documents/Information_Processing/root/Acc/software/hello_world_new_bsp/\libhal_bsp.a(alt_errno.o)
 .data          0x0000000000017cc4        0x0 c:/Users/shrey/Documents/Information_Processing/root/Acc/software/hello_world_new_bsp/\libhal_bsp.a(alt_find_dev.o)
 .data          0x0000000000017cc4        0x0 c:/Users/shrey/Documents/Information_Processing/root/Acc/software/hello_world_new_bsp/\libhal_bsp.a(alt_icache_flush_all.o)
 .data          0x0000000000017cc4        0x0 c:/Users/shrey/Documents/Information_Processing/root/Acc/software/hello_world_new_bsp/\libhal_bsp.a(alt_io_redirect.o)
 .data          0x0000000000017cc4        0x0 c:/Users/shrey/Documents/Information_Processing/root/Acc/software/hello_world_new_bsp/\libhal_bsp.a(alt_irq_entry.o)
 .data          0x0000000000017cc4        0x0 c:/Users/shrey/Documents/Information_Processing/root/Acc/software/hello_world_new_bsp/\libhal_bsp.a(alt_irq_handler.o)
 .data          0x0000000000017cc4        0x0 c:/Users/shrey/Documents/Information_Processing/root/Acc/software/hello_world_new_bsp/\libhal_bsp.a(alt_open.o)
 .data          0x0000000000017cc4        0x0 c:/Users/shrey/Documents/Information_Processing/root/Acc/software/hello_world_new_bsp/\libhal_bsp.a(alt_release_fd.o)
 .data          0x0000000000017cc4        0x0 c:/Users/shrey/Documents/Information_Processing/root/Acc/software/hello_world_new_bsp/\libhal_bsp.a(alt_tick.o)
 .data          0x0000000000017cc4        0x0 c:/Users/shrey/Documents/Information_Processing/root/Acc/software/hello_world_new_bsp/\libhal_bsp.a(altera_nios2_gen2_irq.o)
 .data          0x0000000000017cc4        0x0 c:/Users/shrey/Documents/Information_Processing/root/Acc/software/hello_world_new_bsp/\libhal_bsp.a(alt_exception_entry.o)
 .data          0x0000000000017cc4        0x0 c:/Users/shrey/Documents/Information_Processing/root/Acc/software/hello_world_new_bsp/\libhal_bsp.a(alt_find_file.o)
 .data          0x0000000000017cc4        0x0 c:/Users/shrey/Documents/Information_Processing/root/Acc/software/hello_world_new_bsp/\libhal_bsp.a(alt_get_fd.o)
 .data          0x0000000000017cc4        0x0 c:/Users/shrey/Documents/Information_Processing/root/Acc/software/hello_world_new_bsp/\libhal_bsp.a(alt_instruction_exception_entry.o)
 .data          0x0000000000017cc4        0x0 c:/intelfpga_lite/22.1std/nios2eds/bin/gnu/h-x86_64-mingw32/bin/../lib/gcc/nios2-elf/12.1.1/../../../../../H-x86_64-mingw32/nios2-elf/lib/mno-hw-mul\libc.a(lib_a-atexit.o)
 .data          0x0000000000017cc4        0x0 c:/intelfpga_lite/22.1std/nios2eds/bin/gnu/h-x86_64-mingw32/bin/../lib/gcc/nios2-elf/12.1.1/../../../../../H-x86_64-mingw32/nios2-elf/lib/mno-hw-mul\libc.a(lib_a-exit.o)
 .data          0x0000000000017cc4        0x0 c:/intelfpga_lite/22.1std/nios2eds/bin/gnu/h-x86_64-mingw32/bin/../lib/gcc/nios2-elf/12.1.1/../../../../../H-x86_64-mingw32/nios2-elf/lib/mno-hw-mul\libc.a(lib_a-memcmp.o)
 .data          0x0000000000017cc4        0x0 c:/intelfpga_lite/22.1std/nios2eds/bin/gnu/h-x86_64-mingw32/bin/../lib/gcc/nios2-elf/12.1.1/../../../../../H-x86_64-mingw32/nios2-elf/lib/mno-hw-mul\libc.a(lib_a-putchar.o)
 .data          0x0000000000017cc4        0x0 c:/intelfpga_lite/22.1std/nios2eds/bin/gnu/h-x86_64-mingw32/bin/../lib/gcc/nios2-elf/12.1.1/../../../../../H-x86_64-mingw32/nios2-elf/lib/mno-hw-mul\libc.a(lib_a-strlen.o)
 .data          0x0000000000017cc4        0x0 c:/intelfpga_lite/22.1std/nios2eds/bin/gnu/h-x86_64-mingw32/bin/../lib/gcc/nios2-elf/12.1.1/../../../../../H-x86_64-mingw32/nios2-elf/lib/mno-hw-mul\libc.a(lib_a-__atexit.o)
 .data          0x0000000000017cc4        0x0 c:/intelfpga_lite/22.1std/nios2eds/bin/gnu/h-x86_64-mingw32/bin/../lib/gcc/nios2-elf/12.1.1/../../../../../H-x86_64-mingw32/nios2-elf/lib/mno-hw-mul\libc.a(lib_a-__call_atexit.o)
 .data          0x0000000000017cc4        0x0 c:/intelfpga_lite/22.1std/nios2eds/bin/gnu/h-x86_64-mingw32/bin/../lib/gcc/nios2-elf/12.1.1/../../../../../H-x86_64-mingw32/nios2-elf/lib/mno-hw-mul\libc.a(lib_a-putc.o)
 .data          0x0000000000017cc4        0x0 c:/intelfpga_lite/22.1std/nios2eds/bin/gnu/h-x86_64-mingw32/bin/../lib/gcc/nios2-elf/12.1.1/../../../../../H-x86_64-mingw32/nios2-elf/lib/mno-hw-mul\libc.a(lib_a-wbuf.o)
 .data          0x0000000000017cc4        0x0 c:/intelfpga_lite/22.1std/nios2eds/bin/gnu/h-x86_64-mingw32/bin/../lib/gcc/nios2-elf/12.1.1/../../../../../H-x86_64-mingw32/nios2-elf/lib/mno-hw-mul\libc.a(lib_a-wsetup.o)
 .data          0x0000000000017cc4        0x0 c:/intelfpga_lite/22.1std/nios2eds/bin/gnu/h-x86_64-mingw32/bin/../lib/gcc/nios2-elf/12.1.1/../../../../../H-x86_64-mingw32/nios2-elf/lib/mno-hw-mul\libc.a(lib_a-fflush.o)
 .data          0x0000000000017cc4        0x0 c:/intelfpga_lite/22.1std/nios2eds/bin/gnu/h-x86_64-mingw32/bin/../lib/gcc/nios2-elf/12.1.1/../../../../../H-x86_64-mingw32/nios2-elf/lib/mno-hw-mul\libc.a(lib_a-findfp.o)
 .data          0x0000000000017cc4        0x0 c:/intelfpga_lite/22.1std/nios2eds/bin/gnu/h-x86_64-mingw32/bin/../lib/gcc/nios2-elf/12.1.1/../../../../../H-x86_64-mingw32/nios2-elf/lib/mno-hw-mul\libc.a(lib_a-fwalk.o)
 .data          0x0000000000017cc4        0x0 c:/intelfpga_lite/22.1std/nios2eds/bin/gnu/h-x86_64-mingw32/bin/../lib/gcc/nios2-elf/12.1.1/../../../../../H-x86_64-mingw32/nios2-elf/lib/mno-hw-mul\libc.a(lib_a-makebuf.o)
 .data          0x0000000000017cc4        0x0 c:/intelfpga_lite/22.1std/nios2eds/bin/gnu/h-x86_64-mingw32/bin/../lib/gcc/nios2-elf/12.1.1/../../../../../H-x86_64-mingw32/nios2-elf/lib/mno-hw-mul\libc.a(lib_a-memset.o)
 .data          0x0000000000017cc4        0x0 c:/intelfpga_lite/22.1std/nios2eds/bin/gnu/h-x86_64-mingw32/bin/../lib/gcc/nios2-elf/12.1.1/../../../../../H-x86_64-mingw32/nios2-elf/lib/mno-hw-mul\libc.a(lib_a-stdio.o)
 .data          0x0000000000017cc4        0x0 c:/intelfpga_lite/22.1std/nios2eds/bin/gnu/h-x86_64-mingw32/bin/../lib/gcc/nios2-elf/12.1.1/../../../../../H-x86_64-mingw32/nios2-elf/lib/mno-hw-mul\libc.a(lib_a-writer.o)
 .data          0x0000000000017cc4        0x0 c:/intelfpga_lite/22.1std/nios2eds/bin/gnu/h-x86_64-mingw32/bin/../lib/gcc/nios2-elf/12.1.1/../../../../../H-x86_64-mingw32/nios2-elf/lib/mno-hw-mul\libc.a(closer.o)
 .data          0x0000000000017cc4        0x0 c:/intelfpga_lite/22.1std/nios2eds/bin/gnu/h-x86_64-mingw32/bin/../lib/gcc/nios2-elf/12.1.1/../../../../../H-x86_64-mingw32/nios2-elf/lib/mno-hw-mul\libc.a(lib_a-fclose.o)
 .data          0x0000000000017cc4        0x0 c:/intelfpga_lite/22.1std/nios2eds/bin/gnu/h-x86_64-mingw32/bin/../lib/gcc/nios2-elf/12.1.1/../../../../../H-x86_64-mingw32/nios2-elf/lib/mno-hw-mul\libc.a(lib_a-fstatr.o)
 .data          0x0000000000017cc4        0x0 c:/intelfpga_lite/22.1std/nios2eds/bin/gnu/h-x86_64-mingw32/bin/../lib/gcc/nios2-elf/12.1.1/../../../../../H-x86_64-mingw32/nios2-elf/lib/mno-hw-mul\libc.a(lib_a-isattyr.o)
 .data          0x0000000000017cc4        0x0 c:/intelfpga_lite/22.1std/nios2eds/bin/gnu/h-x86_64-mingw32/bin/../lib/gcc/nios2-elf/12.1.1/../../../../../H-x86_64-mingw32/nios2-elf/lib/mno-hw-mul\libc.a(lib_a-lseekr.o)
 .data          0x0000000000017cc4        0x0 c:/intelfpga_lite/22.1std/nios2eds/bin/gnu/h-x86_64-mingw32/bin/../lib/gcc/nios2-elf/12.1.1/../../../../../H-x86_64-mingw32/nios2-elf/lib/mno-hw-mul\libc.a(lib_a-readr.o)
 .data          0x0000000000017cc4        0x0 c:/Users/shrey/Documents/Information_Processing/root/Acc/software/hello_world_new_bsp/\libhal_bsp.a(alt_exit.o)
 .data          0x0000000000017cc4        0x0 c:/Users/shrey/Documents/Information_Processing/root/Acc/software/hello_world_new_bsp/\libhal_bsp.a(alt_fstat.o)
 .data          0x0000000000017cc4        0x0 c:/Users/shrey/Documents/Information_Processing/root/Acc/software/hello_world_new_bsp/\libhal_bsp.a(alt_isatty.o)
 .data          0x0000000000017cc4        0x0 c:/Users/shrey/Documents/Information_Processing/root/Acc/software/hello_world_new_bsp/\libhal_bsp.a(alt_lseek.o)
 .data          0x0000000000017cc4        0x0 c:/Users/shrey/Documents/Information_Processing/root/Acc/software/hello_world_new_bsp/\libhal_bsp.a(alt_read.o)
 .data          0x0000000000017cc4        0x0 c:/Users/shrey/Documents/Information_Processing/root/Acc/software/hello_world_new_bsp/\libhal_bsp.a(alt_write.o)
                0x000000000001fcc4                _gp = ABSOLUTE ((. + 0x8000))
                [!provide]                        PROVIDE (gp = _gp)
 *(.rwdata .rwdata.*)
 *(.sdata .sdata.* .gnu.linkonce.s.*)
 .sdata.__malloc_sbrk_base
                0x0000000000017cc4        0x4 c:/intelfpga_lite/22.1std/nios2eds/bin/gnu/h-x86_64-mingw32/bin/../lib/gcc/nios2-elf/12.1.1/../../../../../H-x86_64-mingw32/nios2-elf/lib/mno-hw-mul\libc.a(lib_a-mallocr.o)
                0x0000000000017cc4                __malloc_sbrk_base
 .sdata.__malloc_trim_threshold
                0x0000000000017cc8        0x4 c:/intelfpga_lite/22.1std/nios2eds/bin/gnu/h-x86_64-mingw32/bin/../lib/gcc/nios2-elf/12.1.1/../../../../../H-x86_64-mingw32/nios2-elf/lib/mno-hw-mul\libc.a(lib_a-mallocr.o)
                0x0000000000017cc8                __malloc_trim_threshold
 .sdata._global_impure_ptr
                0x0000000000017ccc        0x4 c:/intelfpga_lite/22.1std/nios2eds/bin/gnu/h-x86_64-mingw32/bin/../lib/gcc/nios2-elf/12.1.1/../../../../../H-x86_64-mingw32/nios2-elf/lib/mno-hw-mul\libc.a(lib_a-impure.o)
                0x0000000000017ccc                _global_impure_ptr
 .sdata._impure_ptr
                0x0000000000017cd0        0x4 c:/intelfpga_lite/22.1std/nios2eds/bin/gnu/h-x86_64-mingw32/bin/../lib/gcc/nios2-elf/12.1.1/../../../../../H-x86_64-mingw32/nios2-elf/lib/mno-hw-mul\libc.a(lib_a-impure.o)
                0x0000000000017cd0                _impure_ptr
 .sdata         0x0000000000017cd4        0x4 c:/Users/shrey/Documents/Information_Processing/root/Acc/software/hello_world_new_bsp/\libhal_bsp.a(alt_irq_vars.o)
                0x0000000000017cd4                alt_priority_mask
 .sdata         0x0000000000017cd8        0x4 c:/Users/shrey/Documents/Information_Processing/root/Acc/software/hello_world_new_bsp/\libhal_bsp.a(alt_sbrk.o)
 .sdata         0x0000000000017cdc       0x14 c:/Users/shrey/Documents/Information_Processing/root/Acc/software/hello_world_new_bsp/\libhal_bsp.a(alt_dev.o)
                0x0000000000017cdc                alt_fs_list
                0x0000000000017ce4                alt_dev_list
                0x0000000000017cec                alt_max_fd
 .sdata         0x0000000000017cf0        0x4 c:/Users/shrey/Documents/Information_Processing/root/Acc/software/hello_world_new_bsp/\libhal_bsp.a(alt_errno.o)
                0x0000000000017cf0                alt_errno
 .sdata         0x0000000000017cf4        0x8 c:/Users/shrey/Documents/Information_Processing/root/Acc/software/hello_world_new_bsp/\libhal_bsp.a(alt_tick.o)
                0x0000000000017cf4                alt_alarm_list
 *(.sdata2 .sdata2.* .gnu.linkonce.s2.*)
                0x0000000000017cfc                . = ALIGN (0x4)
                0x0000000000017cfc                _edata = ABSOLUTE (.)
                [!provide]                        PROVIDE (edata = ABSOLUTE (.))
                0x0000000000017cfc                PROVIDE (__ram_rwdata_end = ABSOLUTE (.))
                0x0000000000017cfc                PROVIDE (__flash_rwdata_start = LOADADDR (.rwdata))

.bss            0x0000000000019794      0x164
                0x0000000000019794                __bss_start = ABSOLUTE (.)
                [!provide]                        PROVIDE (__sbss_start = ABSOLUTE (.))
                [!provide]                        PROVIDE (___sbss_start = ABSOLUTE (.))
 *(.dynsbss)
 *(.sbss .sbss.* .gnu.linkonce.sb.*)
 .sbss          0x0000000000019794        0xc obj/default/hello_world.o
                0x0000000000019794                pwm
                0x0000000000019795                led
                0x0000000000019798                level_x
                0x000000000001979c                level_y
 .sbss.__malloc_max_total_mem
                0x00000000000197a0        0x4 c:/intelfpga_lite/22.1std/nios2eds/bin/gnu/h-x86_64-mingw32/bin/../lib/gcc/nios2-elf/12.1.1/../../../../../H-x86_64-mingw32/nios2-elf/lib/mno-hw-mul\libc.a(lib_a-mallocr.o)
                0x00000000000197a0                __malloc_max_total_mem
 .sbss.__malloc_max_sbrked_mem
                0x00000000000197a4        0x4 c:/intelfpga_lite/22.1std/nios2eds/bin/gnu/h-x86_64-mingw32/bin/../lib/gcc/nios2-elf/12.1.1/../../../../../H-x86_64-mingw32/nios2-elf/lib/mno-hw-mul\libc.a(lib_a-mallocr.o)
                0x00000000000197a4                __malloc_max_sbrked_mem
 .sbss.__malloc_top_pad
                0x00000000000197a8        0x4 c:/intelfpga_lite/22.1std/nios2eds/bin/gnu/h-x86_64-mingw32/bin/../lib/gcc/nios2-elf/12.1.1/../../../../../H-x86_64-mingw32/nios2-elf/lib/mno-hw-mul\libc.a(lib_a-mallocr.o)
                0x00000000000197a8                __malloc_top_pad
 .sbss.errno    0x00000000000197ac        0x4 c:/intelfpga_lite/22.1std/nios2eds/bin/gnu/h-x86_64-mingw32/bin/../lib/gcc/nios2-elf/12.1.1/../../../../../H-x86_64-mingw32/nios2-elf/lib/mno-hw-mul\libc.a(lib_a-int_errno.o)
                0x00000000000197ac                errno
 .sbss          0x00000000000197b0        0x4 c:/Users/shrey/Documents/Information_Processing/root/Acc/software/hello_world_new_bsp/\libhal_bsp.a(alt_irq_vars.o)
                0x00000000000197b0                alt_irq_active
 .sbss          0x00000000000197b4        0xc c:/Users/shrey/Documents/Information_Processing/root/Acc/software/hello_world_new_bsp/\libhal_bsp.a(alt_main.o)
                0x00000000000197b4                alt_argc
                0x00000000000197b8                alt_argv
                0x00000000000197bc                alt_envp
 .sbss          0x00000000000197c0        0xc c:/Users/shrey/Documents/Information_Processing/root/Acc/software/hello_world_new_bsp/\libhal_bsp.a(alt_tick.o)
                0x00000000000197c0                _alt_tick_rate
                0x00000000000197c4                _alt_nticks
 .sbss          0x00000000000197cc        0x4 c:/Users/shrey/Documents/Information_Processing/root/Acc/software/hello_world_new_bsp/\libhal_bsp.a(alt_instruction_exception_entry.o)
                0x00000000000197cc                alt_instruction_exception_handler
 *(.sbss2 .sbss2.* .gnu.linkonce.sb2.*)
 *(.scommon)
                [!provide]                        PROVIDE (__sbss_end = ABSOLUTE (.))
                [!provide]                        PROVIDE (___sbss_end = ABSOLUTE (.))
 *(.dynbss)
 *(.bss .bss.* .gnu.linkonce.b.*)
 .bss           0x00000000000197d0        0x0 c:/Users/shrey/Documents/Information_Processing/root/Acc/software/hello_world_new_bsp//obj/HAL/src/crt0.o
 .bss           0x00000000000197d0        0x0 obj/default/hello_world.o
 .bss           0x00000000000197d0        0x0 c:/intelfpga_lite/22.1std/nios2eds/bin/gnu/h-x86_64-mingw32/bin/../lib/gcc/nios2-elf/12.1.1/mno-hw-mul\libgcc.a(lib2-divmod.o)
 .bss           0x00000000000197d0        0x0 c:/intelfpga_lite/22.1std/nios2eds/bin/gnu/h-x86_64-mingw32/bin/../lib/gcc/nios2-elf/12.1.1/mno-hw-mul\libgcc.a(lib2-mul.o)
 .bss           0x00000000000197d0        0x0 c:/intelfpga_lite/22.1std/nios2eds/bin/gnu/h-x86_64-mingw32/bin/../lib/gcc/nios2-elf/12.1.1/mno-hw-mul\libgcc.a(mulsf3.o)
 .bss           0x00000000000197d0        0x0 c:/intelfpga_lite/22.1std/nios2eds/bin/gnu/h-x86_64-mingw32/bin/../lib/gcc/nios2-elf/12.1.1/mno-hw-mul\libgcc.a(fixsfsi.o)
 .bss           0x00000000000197d0        0x0 c:/intelfpga_lite/22.1std/nios2eds/bin/gnu/h-x86_64-mingw32/bin/../lib/gcc/nios2-elf/12.1.1/mno-hw-mul\libgcc.a(_clzsi2.o)
 .bss           0x00000000000197d0        0x0 c:/intelfpga_lite/22.1std/nios2eds/bin/gnu/h-x86_64-mingw32/bin/../lib/gcc/nios2-elf/12.1.1/mno-hw-mul\libgcc.a(_clz.o)
 .bss           0x00000000000197d0        0x0 c:/intelfpga_lite/22.1std/nios2eds/bin/gnu/h-x86_64-mingw32/bin/../lib/gcc/nios2-elf/12.1.1/../../../../../H-x86_64-mingw32/nios2-elf/lib/mno-hw-mul\libc.a(lib_a-malloc.o)
 .bss           0x00000000000197d0        0x0 c:/intelfpga_lite/22.1std/nios2eds/bin/gnu/h-x86_64-mingw32/bin/../lib/gcc/nios2-elf/12.1.1/../../../../../H-x86_64-mingw32/nios2-elf/lib/mno-hw-mul\libc.a(lib_a-mallocr.o)
 .bss.__malloc_current_mallinfo
                0x00000000000197d0       0x28 c:/intelfpga_lite/22.1std/nios2eds/bin/gnu/h-x86_64-mingw32/bin/../lib/gcc/nios2-elf/12.1.1/../../../../../H-x86_64-mingw32/nios2-elf/lib/mno-hw-mul\libc.a(lib_a-mallocr.o)
                0x00000000000197d0                __malloc_current_mallinfo
 .bss           0x00000000000197f8        0x0 c:/intelfpga_lite/22.1std/nios2eds/bin/gnu/h-x86_64-mingw32/bin/../lib/gcc/nios2-elf/12.1.1/../../../../../H-x86_64-mingw32/nios2-elf/lib/mno-hw-mul\libc.a(lib_a-memcpy.o)
 .bss           0x00000000000197f8        0x0 c:/intelfpga_lite/22.1std/nios2eds/bin/gnu/h-x86_64-mingw32/bin/../lib/gcc/nios2-elf/12.1.1/../../../../../H-x86_64-mingw32/nios2-elf/lib/mno-hw-mul\libc.a(lib_a-sbrkr.o)
 .bss           0x00000000000197f8        0x0 c:/intelfpga_lite/22.1std/nios2eds/bin/gnu/h-x86_64-mingw32/bin/../lib/gcc/nios2-elf/12.1.1/../../../../../H-x86_64-mingw32/nios2-elf/lib/mno-hw-mul\libc.a(lib_a-freer.o)
 .bss           0x00000000000197f8        0x0 c:/intelfpga_lite/22.1std/nios2eds/bin/gnu/h-x86_64-mingw32/bin/../lib/gcc/nios2-elf/12.1.1/../../../../../H-x86_64-mingw32/nios2-elf/lib/mno-hw-mul\libc.a(lib_a-impure.o)
 .bss           0x00000000000197f8        0x0 c:/intelfpga_lite/22.1std/nios2eds/bin/gnu/h-x86_64-mingw32/bin/../lib/gcc/nios2-elf/12.1.1/../../../../../H-x86_64-mingw32/nios2-elf/lib/mno-hw-mul\libc.a(lib_a-int_errno.o)
 .bss           0x00000000000197f8        0x0 c:/Users/shrey/Documents/Information_Processing/root/Acc/software/hello_world_new_bsp/\libhal_bsp.a(alt_irq_register.o)
 .bss           0x00000000000197f8        0x0 c:/Users/shrey/Documents/Information_Processing/root/Acc/software/hello_world_new_bsp/\libhal_bsp.a(alt_irq_vars.o)
 .bss           0x00000000000197f8        0x0 c:/Users/shrey/Documents/Information_Processing/root/Acc/software/hello_world_new_bsp/\libhal_bsp.a(alt_load.o)
 .bss           0x00000000000197f8        0x0 c:/Users/shrey/Documents/Information_Processing/root/Acc/software/hello_world_new_bsp/\libhal_bsp.a(alt_main.o)
 .bss           0x00000000000197f8        0x0 c:/Users/shrey/Documents/Information_Processing/root/Acc/software/hello_world_new_bsp/\libhal_bsp.a(alt_malloc_lock.o)
 .bss           0x00000000000197f8        0x0 c:/Users/shrey/Documents/Information_Processing/root/Acc/software/hello_world_new_bsp/\libhal_bsp.a(alt_printf.o)
 .bss           0x00000000000197f8        0x0 c:/Users/shrey/Documents/Information_Processing/root/Acc/software/hello_world_new_bsp/\libhal_bsp.a(alt_putchar.o)
 .bss           0x00000000000197f8        0x0 c:/Users/shrey/Documents/Information_Processing/root/Acc/software/hello_world_new_bsp/\libhal_bsp.a(alt_sbrk.o)
 .bss           0x00000000000197f8        0x0 c:/Users/shrey/Documents/Information_Processing/root/Acc/software/hello_world_new_bsp/\libhal_bsp.a(alt_sys_init.o)
 .bss           0x00000000000197f8        0x0 c:/Users/shrey/Documents/Information_Processing/root/Acc/software/hello_world_new_bsp/\libhal_bsp.a(altera_avalon_jtag_uart_fd.o)
 .bss           0x00000000000197f8        0x0 c:/Users/shrey/Documents/Information_Processing/root/Acc/software/hello_world_new_bsp/\libhal_bsp.a(altera_avalon_jtag_uart_init.o)
 .bss           0x00000000000197f8        0x0 c:/Users/shrey/Documents/Information_Processing/root/Acc/software/hello_world_new_bsp/\libhal_bsp.a(altera_avalon_jtag_uart_ioctl.o)
 .bss           0x00000000000197f8        0x0 c:/Users/shrey/Documents/Information_Processing/root/Acc/software/hello_world_new_bsp/\libhal_bsp.a(altera_avalon_jtag_uart_read.o)
 .bss           0x00000000000197f8        0x0 c:/Users/shrey/Documents/Information_Processing/root/Acc/software/hello_world_new_bsp/\libhal_bsp.a(altera_avalon_jtag_uart_write.o)
 .bss           0x00000000000197f8        0x0 c:/Users/shrey/Documents/Information_Processing/root/Acc/software/hello_world_new_bsp/\libhal_bsp.a(altera_avalon_timer_sc.o)
 .bss           0x00000000000197f8        0x0 c:/Users/shrey/Documents/Information_Processing/root/Acc/software/hello_world_new_bsp/\libhal_bsp.a(altera_up_avalon_accelerometer_spi.o)
 .bss           0x00000000000197f8        0x0 c:/Users/shrey/Documents/Information_Processing/root/Acc/software/hello_world_new_bsp/\libhal_bsp.a(alt_alarm_start.o)
 .bss           0x00000000000197f8        0x0 c:/Users/shrey/Documents/Information_Processing/root/Acc/software/hello_world_new_bsp/\libhal_bsp.a(alt_close.o)
 .bss           0x00000000000197f8        0x0 c:/Users/shrey/Documents/Information_Processing/root/Acc/software/hello_world_new_bsp/\libhal_bsp.a(alt_dcache_flush_all.o)
 .bss           0x00000000000197f8        0x0 c:/Users/shrey/Documents/Information_Processing/root/Acc/software/hello_world_new_bsp/\libhal_bsp.a(alt_dev.o)
 .bss           0x00000000000197f8        0x0 c:/Users/shrey/Documents/Information_Processing/root/Acc/software/hello_world_new_bsp/\libhal_bsp.a(alt_dev_llist_insert.o)
 .bss           0x00000000000197f8        0x0 c:/Users/shrey/Documents/Information_Processing/root/Acc/software/hello_world_new_bsp/\libhal_bsp.a(alt_do_ctors.o)
 .bss           0x00000000000197f8        0x0 c:/Users/shrey/Documents/Information_Processing/root/Acc/software/hello_world_new_bsp/\libhal_bsp.a(alt_do_dtors.o)
 .bss           0x00000000000197f8        0x0 c:/Users/shrey/Documents/Information_Processing/root/Acc/software/hello_world_new_bsp/\libhal_bsp.a(alt_errno.o)
 .bss           0x00000000000197f8        0x0 c:/Users/shrey/Documents/Information_Processing/root/Acc/software/hello_world_new_bsp/\libhal_bsp.a(alt_find_dev.o)
 .bss           0x00000000000197f8        0x0 c:/Users/shrey/Documents/Information_Processing/root/Acc/software/hello_world_new_bsp/\libhal_bsp.a(alt_icache_flush_all.o)
 .bss           0x00000000000197f8        0x0 c:/Users/shrey/Documents/Information_Processing/root/Acc/software/hello_world_new_bsp/\libhal_bsp.a(alt_io_redirect.o)
 .bss           0x00000000000197f8        0x0 c:/Users/shrey/Documents/Information_Processing/root/Acc/software/hello_world_new_bsp/\libhal_bsp.a(alt_irq_entry.o)
 .bss           0x00000000000197f8      0x100 c:/Users/shrey/Documents/Information_Processing/root/Acc/software/hello_world_new_bsp/\libhal_bsp.a(alt_irq_handler.o)
                0x00000000000197f8                alt_irq
 .bss           0x00000000000198f8        0x0 c:/Users/shrey/Documents/Information_Processing/root/Acc/software/hello_world_new_bsp/\libhal_bsp.a(alt_open.o)
 .bss           0x00000000000198f8        0x0 c:/Users/shrey/Documents/Information_Processing/root/Acc/software/hello_world_new_bsp/\libhal_bsp.a(alt_release_fd.o)
 .bss           0x00000000000198f8        0x0 c:/Users/shrey/Documents/Information_Processing/root/Acc/software/hello_world_new_bsp/\libhal_bsp.a(alt_tick.o)
 .bss           0x00000000000198f8        0x0 c:/Users/shrey/Documents/Information_Processing/root/Acc/software/hello_world_new_bsp/\libhal_bsp.a(altera_nios2_gen2_irq.o)
 .bss           0x00000000000198f8        0x0 c:/Users/shrey/Documents/Information_Processing/root/Acc/software/hello_world_new_bsp/\libhal_bsp.a(alt_exception_entry.o)
 .bss           0x00000000000198f8        0x0 c:/Users/shrey/Documents/Information_Processing/root/Acc/software/hello_world_new_bsp/\libhal_bsp.a(alt_find_file.o)
 .bss           0x00000000000198f8        0x0 c:/Users/shrey/Documents/Information_Processing/root/Acc/software/hello_world_new_bsp/\libhal_bsp.a(alt_get_fd.o)
 .bss           0x00000000000198f8        0x0 c:/Users/shrey/Documents/Information_Processing/root/Acc/software/hello_world_new_bsp/\libhal_bsp.a(alt_instruction_exception_entry.o)
 .bss           0x00000000000198f8        0x0 c:/intelfpga_lite/22.1std/nios2eds/bin/gnu/h-x86_64-mingw32/bin/../lib/gcc/nios2-elf/12.1.1/../../../../../H-x86_64-mingw32/nios2-elf/lib/mno-hw-mul\libc.a(lib_a-atexit.o)
 .bss           0x00000000000198f8        0x0 c:/intelfpga_lite/22.1std/nios2eds/bin/gnu/h-x86_64-mingw32/bin/../lib/gcc/nios2-elf/12.1.1/../../../../../H-x86_64-mingw32/nios2-elf/lib/mno-hw-mul\libc.a(lib_a-exit.o)
 .bss           0x00000000000198f8        0x0 c:/intelfpga_lite/22.1std/nios2eds/bin/gnu/h-x86_64-mingw32/bin/../lib/gcc/nios2-elf/12.1.1/../../../../../H-x86_64-mingw32/nios2-elf/lib/mno-hw-mul\libc.a(lib_a-memcmp.o)
 .bss           0x00000000000198f8        0x0 c:/intelfpga_lite/22.1std/nios2eds/bin/gnu/h-x86_64-mingw32/bin/../lib/gcc/nios2-elf/12.1.1/../../../../../H-x86_64-mingw32/nios2-elf/lib/mno-hw-mul\libc.a(lib_a-putchar.o)
 .bss           0x00000000000198f8        0x0 c:/intelfpga_lite/22.1std/nios2eds/bin/gnu/h-x86_64-mingw32/bin/../lib/gcc/nios2-elf/12.1.1/../../../../../H-x86_64-mingw32/nios2-elf/lib/mno-hw-mul\libc.a(lib_a-strlen.o)
 .bss           0x00000000000198f8        0x0 c:/intelfpga_lite/22.1std/nios2eds/bin/gnu/h-x86_64-mingw32/bin/../lib/gcc/nios2-elf/12.1.1/../../../../../H-x86_64-mingw32/nios2-elf/lib/mno-hw-mul\libc.a(lib_a-__atexit.o)
 .bss           0x00000000000198f8        0x0 c:/intelfpga_lite/22.1std/nios2eds/bin/gnu/h-x86_64-mingw32/bin/../lib/gcc/nios2-elf/12.1.1/../../../../../H-x86_64-mingw32/nios2-elf/lib/mno-hw-mul\libc.a(lib_a-__call_atexit.o)
 .bss           0x00000000000198f8        0x0 c:/intelfpga_lite/22.1std/nios2eds/bin/gnu/h-x86_64-mingw32/bin/../lib/gcc/nios2-elf/12.1.1/../../../../../H-x86_64-mingw32/nios2-elf/lib/mno-hw-mul\libc.a(lib_a-putc.o)
 .bss           0x00000000000198f8        0x0 c:/intelfpga_lite/22.1std/nios2eds/bin/gnu/h-x86_64-mingw32/bin/../lib/gcc/nios2-elf/12.1.1/../../../../../H-x86_64-mingw32/nios2-elf/lib/mno-hw-mul\libc.a(lib_a-wbuf.o)
 .bss           0x00000000000198f8        0x0 c:/intelfpga_lite/22.1std/nios2eds/bin/gnu/h-x86_64-mingw32/bin/../lib/gcc/nios2-elf/12.1.1/../../../../../H-x86_64-mingw32/nios2-elf/lib/mno-hw-mul\libc.a(lib_a-wsetup.o)
 .bss           0x00000000000198f8        0x0 c:/intelfpga_lite/22.1std/nios2eds/bin/gnu/h-x86_64-mingw32/bin/../lib/gcc/nios2-elf/12.1.1/../../../../../H-x86_64-mingw32/nios2-elf/lib/mno-hw-mul\libc.a(lib_a-fflush.o)
 .bss           0x00000000000198f8        0x0 c:/intelfpga_lite/22.1std/nios2eds/bin/gnu/h-x86_64-mingw32/bin/../lib/gcc/nios2-elf/12.1.1/../../../../../H-x86_64-mingw32/nios2-elf/lib/mno-hw-mul\libc.a(lib_a-findfp.o)
 .bss           0x00000000000198f8        0x0 c:/intelfpga_lite/22.1std/nios2eds/bin/gnu/h-x86_64-mingw32/bin/../lib/gcc/nios2-elf/12.1.1/../../../../../H-x86_64-mingw32/nios2-elf/lib/mno-hw-mul\libc.a(lib_a-fwalk.o)
 .bss           0x00000000000198f8        0x0 c:/intelfpga_lite/22.1std/nios2eds/bin/gnu/h-x86_64-mingw32/bin/../lib/gcc/nios2-elf/12.1.1/../../../../../H-x86_64-mingw32/nios2-elf/lib/mno-hw-mul\libc.a(lib_a-makebuf.o)
 .bss           0x00000000000198f8        0x0 c:/intelfpga_lite/22.1std/nios2eds/bin/gnu/h-x86_64-mingw32/bin/../lib/gcc/nios2-elf/12.1.1/../../../../../H-x86_64-mingw32/nios2-elf/lib/mno-hw-mul\libc.a(lib_a-memset.o)
 .bss           0x00000000000198f8        0x0 c:/intelfpga_lite/22.1std/nios2eds/bin/gnu/h-x86_64-mingw32/bin/../lib/gcc/nios2-elf/12.1.1/../../../../../H-x86_64-mingw32/nios2-elf/lib/mno-hw-mul\libc.a(lib_a-stdio.o)
 .bss           0x00000000000198f8        0x0 c:/intelfpga_lite/22.1std/nios2eds/bin/gnu/h-x86_64-mingw32/bin/../lib/gcc/nios2-elf/12.1.1/../../../../../H-x86_64-mingw32/nios2-elf/lib/mno-hw-mul\libc.a(lib_a-writer.o)
 .bss           0x00000000000198f8        0x0 c:/intelfpga_lite/22.1std/nios2eds/bin/gnu/h-x86_64-mingw32/bin/../lib/gcc/nios2-elf/12.1.1/../../../../../H-x86_64-mingw32/nios2-elf/lib/mno-hw-mul\libc.a(closer.o)
 .bss           0x00000000000198f8        0x0 c:/intelfpga_lite/22.1std/nios2eds/bin/gnu/h-x86_64-mingw32/bin/../lib/gcc/nios2-elf/12.1.1/../../../../../H-x86_64-mingw32/nios2-elf/lib/mno-hw-mul\libc.a(lib_a-fclose.o)
 .bss           0x00000000000198f8        0x0 c:/intelfpga_lite/22.1std/nios2eds/bin/gnu/h-x86_64-mingw32/bin/../lib/gcc/nios2-elf/12.1.1/../../../../../H-x86_64-mingw32/nios2-elf/lib/mno-hw-mul\libc.a(lib_a-fstatr.o)
 .bss           0x00000000000198f8        0x0 c:/intelfpga_lite/22.1std/nios2eds/bin/gnu/h-x86_64-mingw32/bin/../lib/gcc/nios2-elf/12.1.1/../../../../../H-x86_64-mingw32/nios2-elf/lib/mno-hw-mul\libc.a(lib_a-isattyr.o)
 .bss           0x00000000000198f8        0x0 c:/intelfpga_lite/22.1std/nios2eds/bin/gnu/h-x86_64-mingw32/bin/../lib/gcc/nios2-elf/12.1.1/../../../../../H-x86_64-mingw32/nios2-elf/lib/mno-hw-mul\libc.a(lib_a-lseekr.o)
 .bss           0x00000000000198f8        0x0 c:/intelfpga_lite/22.1std/nios2eds/bin/gnu/h-x86_64-mingw32/bin/../lib/gcc/nios2-elf/12.1.1/../../../../../H-x86_64-mingw32/nios2-elf/lib/mno-hw-mul\libc.a(lib_a-readr.o)
 .bss           0x00000000000198f8        0x0 c:/Users/shrey/Documents/Information_Processing/root/Acc/software/hello_world_new_bsp/\libhal_bsp.a(alt_exit.o)
 .bss           0x00000000000198f8        0x0 c:/Users/shrey/Documents/Information_Processing/root/Acc/software/hello_world_new_bsp/\libhal_bsp.a(alt_fstat.o)
 .bss           0x00000000000198f8        0x0 c:/Users/shrey/Documents/Information_Processing/root/Acc/software/hello_world_new_bsp/\libhal_bsp.a(alt_isatty.o)
 .bss           0x00000000000198f8        0x0 c:/Users/shrey/Documents/Information_Processing/root/Acc/software/hello_world_new_bsp/\libhal_bsp.a(alt_lseek.o)
 .bss           0x00000000000198f8        0x0 c:/Users/shrey/Documents/Information_Processing/root/Acc/software/hello_world_new_bsp/\libhal_bsp.a(alt_read.o)
 .bss           0x00000000000198f8        0x0 c:/Users/shrey/Documents/Information_Processing/root/Acc/software/hello_world_new_bsp/\libhal_bsp.a(alt_write.o)
 *(COMMON)
                0x00000000000198f8                . = ALIGN (0x4)
                0x00000000000198f8                __bss_end = ABSOLUTE (.)

.onchip_memory  0x00000000000198f8        0x0
                [!provide]                        PROVIDE (_alt_partition_onchip_memory_start = ABSOLUTE (.))
 *(.onchip_memory .onchip_memory. onchip_memory.*)
                0x00000000000198f8                . = ALIGN (0x4)
                [!provide]                        PROVIDE (_alt_partition_onchip_memory_end = ABSOLUTE (.))
                0x00000000000198f8                _end = ABSOLUTE (.)
                0x00000000000198f8                end = ABSOLUTE (.)
                0x00000000000198f8                __alt_stack_base = ABSOLUTE (.)
                [!provide]                        PROVIDE (_alt_partition_onchip_memory_load_addr = LOADADDR (.onchip_memory))

.stab
 *(.stab)

.stabstr
 *(.stabstr)

.stab.excl
 *(.stab.excl)

.stab.exclstr
 *(.stab.exclstr)

.stab.index
 *(.stab.index)

.stab.indexstr
 *(.stab.indexstr)

.comment        0x0000000000000000       0x2d
 *(.comment)
 .comment       0x0000000000000000       0x2d obj/default/hello_world.o
                                         0x2e (size before relaxing)
 .comment       0x000000000000002d       0x2e c:/intelfpga_lite/22.1std/nios2eds/bin/gnu/h-x86_64-mingw32/bin/../lib/gcc/nios2-elf/12.1.1/mno-hw-mul\libgcc.a(lib2-divmod.o)
 .comment       0x000000000000002d       0x2e c:/intelfpga_lite/22.1std/nios2eds/bin/gnu/h-x86_64-mingw32/bin/../lib/gcc/nios2-elf/12.1.1/mno-hw-mul\libgcc.a(lib2-mul.o)
 .comment       0x000000000000002d       0x2e c:/intelfpga_lite/22.1std/nios2eds/bin/gnu/h-x86_64-mingw32/bin/../lib/gcc/nios2-elf/12.1.1/mno-hw-mul\libgcc.a(mulsf3.o)
 .comment       0x000000000000002d       0x2e c:/intelfpga_lite/22.1std/nios2eds/bin/gnu/h-x86_64-mingw32/bin/../lib/gcc/nios2-elf/12.1.1/mno-hw-mul\libgcc.a(fixsfsi.o)
 .comment       0x000000000000002d       0x2e c:/intelfpga_lite/22.1std/nios2eds/bin/gnu/h-x86_64-mingw32/bin/../lib/gcc/nios2-elf/12.1.1/mno-hw-mul\libgcc.a(_clzsi2.o)
 .comment       0x000000000000002d       0x2e c:/intelfpga_lite/22.1std/nios2eds/bin/gnu/h-x86_64-mingw32/bin/../lib/gcc/nios2-elf/12.1.1/mno-hw-mul\libgcc.a(_clz.o)
 .comment       0x000000000000002d       0x2e c:/intelfpga_lite/22.1std/nios2eds/bin/gnu/h-x86_64-mingw32/bin/../lib/gcc/nios2-elf/12.1.1/../../../../../H-x86_64-mingw32/nios2-elf/lib/mno-hw-mul\libc.a(lib_a-malloc.o)
 .comment       0x000000000000002d       0x2e c:/intelfpga_lite/22.1std/nios2eds/bin/gnu/h-x86_64-mingw32/bin/../lib/gcc/nios2-elf/12.1.1/../../../../../H-x86_64-mingw32/nios2-elf/lib/mno-hw-mul\libc.a(lib_a-mallocr.o)
 .comment       0x000000000000002d       0x2e c:/intelfpga_lite/22.1std/nios2eds/bin/gnu/h-x86_64-mingw32/bin/../lib/gcc/nios2-elf/12.1.1/../../../../../H-x86_64-mingw32/nios2-elf/lib/mno-hw-mul\libc.a(lib_a-memcpy.o)
 .comment       0x000000000000002d       0x2e c:/intelfpga_lite/22.1std/nios2eds/bin/gnu/h-x86_64-mingw32/bin/../lib/gcc/nios2-elf/12.1.1/../../../../../H-x86_64-mingw32/nios2-elf/lib/mno-hw-mul\libc.a(lib_a-sbrkr.o)
 .comment       0x000000000000002d       0x2e c:/intelfpga_lite/22.1std/nios2eds/bin/gnu/h-x86_64-mingw32/bin/../lib/gcc/nios2-elf/12.1.1/../../../../../H-x86_64-mingw32/nios2-elf/lib/mno-hw-mul\libc.a(lib_a-freer.o)
 .comment       0x000000000000002d       0x2e c:/intelfpga_lite/22.1std/nios2eds/bin/gnu/h-x86_64-mingw32/bin/../lib/gcc/nios2-elf/12.1.1/../../../../../H-x86_64-mingw32/nios2-elf/lib/mno-hw-mul\libc.a(lib_a-impure.o)
 .comment       0x000000000000002d       0x2e c:/intelfpga_lite/22.1std/nios2eds/bin/gnu/h-x86_64-mingw32/bin/../lib/gcc/nios2-elf/12.1.1/../../../../../H-x86_64-mingw32/nios2-elf/lib/mno-hw-mul\libc.a(lib_a-int_errno.o)
 .comment       0x000000000000002d       0x2e c:/Users/shrey/Documents/Information_Processing/root/Acc/software/hello_world_new_bsp/\libhal_bsp.a(alt_irq_register.o)
 .comment       0x000000000000002d       0x2e c:/Users/shrey/Documents/Information_Processing/root/Acc/software/hello_world_new_bsp/\libhal_bsp.a(alt_irq_vars.o)
 .comment       0x000000000000002d       0x2e c:/Users/shrey/Documents/Information_Processing/root/Acc/software/hello_world_new_bsp/\libhal_bsp.a(alt_load.o)
 .comment       0x000000000000002d       0x2e c:/Users/shrey/Documents/Information_Processing/root/Acc/software/hello_world_new_bsp/\libhal_bsp.a(alt_main.o)
 .comment       0x000000000000002d       0x2e c:/Users/shrey/Documents/Information_Processing/root/Acc/software/hello_world_new_bsp/\libhal_bsp.a(alt_malloc_lock.o)
 .comment       0x000000000000002d       0x2e c:/Users/shrey/Documents/Information_Processing/root/Acc/software/hello_world_new_bsp/\libhal_bsp.a(alt_printf.o)
 .comment       0x000000000000002d       0x2e c:/Users/shrey/Documents/Information_Processing/root/Acc/software/hello_world_new_bsp/\libhal_bsp.a(alt_putchar.o)
 .comment       0x000000000000002d       0x2e c:/Users/shrey/Documents/Information_Processing/root/Acc/software/hello_world_new_bsp/\libhal_bsp.a(alt_sbrk.o)
 .comment       0x000000000000002d       0x2e c:/Users/shrey/Documents/Information_Processing/root/Acc/software/hello_world_new_bsp/\libhal_bsp.a(alt_sys_init.o)
 .comment       0x000000000000002d       0x2e c:/Users/shrey/Documents/Information_Processing/root/Acc/software/hello_world_new_bsp/\libhal_bsp.a(altera_avalon_jtag_uart_fd.o)
 .comment       0x000000000000002d       0x2e c:/Users/shrey/Documents/Information_Processing/root/Acc/software/hello_world_new_bsp/\libhal_bsp.a(altera_avalon_jtag_uart_init.o)
 .comment       0x000000000000002d       0x2e c:/Users/shrey/Documents/Information_Processing/root/Acc/software/hello_world_new_bsp/\libhal_bsp.a(altera_avalon_jtag_uart_ioctl.o)
 .comment       0x000000000000002d       0x2e c:/Users/shrey/Documents/Information_Processing/root/Acc/software/hello_world_new_bsp/\libhal_bsp.a(altera_avalon_jtag_uart_read.o)
 .comment       0x000000000000002d       0x2e c:/Users/shrey/Documents/Information_Processing/root/Acc/software/hello_world_new_bsp/\libhal_bsp.a(altera_avalon_jtag_uart_write.o)
 .comment       0x000000000000002d       0x2e c:/Users/shrey/Documents/Information_Processing/root/Acc/software/hello_world_new_bsp/\libhal_bsp.a(altera_avalon_timer_sc.o)
 .comment       0x000000000000002d       0x2e c:/Users/shrey/Documents/Information_Processing/root/Acc/software/hello_world_new_bsp/\libhal_bsp.a(altera_up_avalon_accelerometer_spi.o)
 .comment       0x000000000000002d       0x2e c:/Users/shrey/Documents/Information_Processing/root/Acc/software/hello_world_new_bsp/\libhal_bsp.a(alt_alarm_start.o)
 .comment       0x000000000000002d       0x2e c:/Users/shrey/Documents/Information_Processing/root/Acc/software/hello_world_new_bsp/\libhal_bsp.a(alt_close.o)
 .comment       0x000000000000002d       0x2e c:/Users/shrey/Documents/Information_Processing/root/Acc/software/hello_world_new_bsp/\libhal_bsp.a(alt_dcache_flush_all.o)
 .comment       0x000000000000002d       0x2e c:/Users/shrey/Documents/Information_Processing/root/Acc/software/hello_world_new_bsp/\libhal_bsp.a(alt_dev.o)
 .comment       0x000000000000002d       0x2e c:/Users/shrey/Documents/Information_Processing/root/Acc/software/hello_world_new_bsp/\libhal_bsp.a(alt_dev_llist_insert.o)
 .comment       0x000000000000002d       0x2e c:/Users/shrey/Documents/Information_Processing/root/Acc/software/hello_world_new_bsp/\libhal_bsp.a(alt_do_ctors.o)
 .comment       0x000000000000002d       0x2e c:/Users/shrey/Documents/Information_Processing/root/Acc/software/hello_world_new_bsp/\libhal_bsp.a(alt_do_dtors.o)
 .comment       0x000000000000002d       0x2e c:/Users/shrey/Documents/Information_Processing/root/Acc/software/hello_world_new_bsp/\libhal_bsp.a(alt_errno.o)
 .comment       0x000000000000002d       0x2e c:/Users/shrey/Documents/Information_Processing/root/Acc/software/hello_world_new_bsp/\libhal_bsp.a(alt_find_dev.o)
 .comment       0x000000000000002d       0x2e c:/Users/shrey/Documents/Information_Processing/root/Acc/software/hello_world_new_bsp/\libhal_bsp.a(alt_icache_flush_all.o)
 .comment       0x000000000000002d       0x2e c:/Users/shrey/Documents/Information_Processing/root/Acc/software/hello_world_new_bsp/\libhal_bsp.a(alt_io_redirect.o)
 .comment       0x000000000000002d       0x2e c:/Users/shrey/Documents/Information_Processing/root/Acc/software/hello_world_new_bsp/\libhal_bsp.a(alt_irq_handler.o)
 .comment       0x000000000000002d       0x2e c:/Users/shrey/Documents/Information_Processing/root/Acc/software/hello_world_new_bsp/\libhal_bsp.a(alt_open.o)
 .comment       0x000000000000002d       0x2e c:/Users/shrey/Documents/Information_Processing/root/Acc/software/hello_world_new_bsp/\libhal_bsp.a(alt_release_fd.o)
 .comment       0x000000000000002d       0x2e c:/Users/shrey/Documents/Information_Processing/root/Acc/software/hello_world_new_bsp/\libhal_bsp.a(alt_tick.o)
 .comment       0x000000000000002d       0x2e c:/Users/shrey/Documents/Information_Processing/root/Acc/software/hello_world_new_bsp/\libhal_bsp.a(altera_nios2_gen2_irq.o)
 .comment       0x000000000000002d       0x2e c:/Users/shrey/Documents/Information_Processing/root/Acc/software/hello_world_new_bsp/\libhal_bsp.a(alt_find_file.o)
 .comment       0x000000000000002d       0x2e c:/Users/shrey/Documents/Information_Processing/root/Acc/software/hello_world_new_bsp/\libhal_bsp.a(alt_get_fd.o)
 .comment       0x000000000000002d       0x2e c:/Users/shrey/Documents/Information_Processing/root/Acc/software/hello_world_new_bsp/\libhal_bsp.a(alt_instruction_exception_entry.o)
 .comment       0x000000000000002d       0x2e c:/intelfpga_lite/22.1std/nios2eds/bin/gnu/h-x86_64-mingw32/bin/../lib/gcc/nios2-elf/12.1.1/../../../../../H-x86_64-mingw32/nios2-elf/lib/mno-hw-mul\libc.a(lib_a-atexit.o)
 .comment       0x000000000000002d       0x2e c:/intelfpga_lite/22.1std/nios2eds/bin/gnu/h-x86_64-mingw32/bin/../lib/gcc/nios2-elf/12.1.1/../../../../../H-x86_64-mingw32/nios2-elf/lib/mno-hw-mul\libc.a(lib_a-exit.o)
 .comment       0x000000000000002d       0x2e c:/intelfpga_lite/22.1std/nios2eds/bin/gnu/h-x86_64-mingw32/bin/../lib/gcc/nios2-elf/12.1.1/../../../../../H-x86_64-mingw32/nios2-elf/lib/mno-hw-mul\libc.a(lib_a-memcmp.o)
 .comment       0x000000000000002d       0x2e c:/intelfpga_lite/22.1std/nios2eds/bin/gnu/h-x86_64-mingw32/bin/../lib/gcc/nios2-elf/12.1.1/../../../../../H-x86_64-mingw32/nios2-elf/lib/mno-hw-mul\libc.a(lib_a-putchar.o)
 .comment       0x000000000000002d       0x2e c:/intelfpga_lite/22.1std/nios2eds/bin/gnu/h-x86_64-mingw32/bin/../lib/gcc/nios2-elf/12.1.1/../../../../../H-x86_64-mingw32/nios2-elf/lib/mno-hw-mul\libc.a(lib_a-strlen.o)
 .comment       0x000000000000002d       0x2e c:/intelfpga_lite/22.1std/nios2eds/bin/gnu/h-x86_64-mingw32/bin/../lib/gcc/nios2-elf/12.1.1/../../../../../H-x86_64-mingw32/nios2-elf/lib/mno-hw-mul\libc.a(lib_a-__atexit.o)
 .comment       0x000000000000002d       0x2e c:/intelfpga_lite/22.1std/nios2eds/bin/gnu/h-x86_64-mingw32/bin/../lib/gcc/nios2-elf/12.1.1/../../../../../H-x86_64-mingw32/nios2-elf/lib/mno-hw-mul\libc.a(lib_a-__call_atexit.o)